Component: ARM Compiler 5.06 update 7 (build 960) Tool: armlink [4d3601]

==============================================================================

Section Cross References

    startup_stm32f103xe.o(STACK) refers (Special) to heapauxi.o(.text) for __use_two_region_memory
    startup_stm32f103xe.o(HEAP) refers (Special) to heapauxi.o(.text) for __use_two_region_memory
    startup_stm32f103xe.o(RESET) refers (Special) to heapauxi.o(.text) for __use_two_region_memory
    startup_stm32f103xe.o(RESET) refers to startup_stm32f103xe.o(STACK) for __initial_sp
    startup_stm32f103xe.o(RESET) refers to startup_stm32f103xe.o(.text) for Reset_Handler
    startup_stm32f103xe.o(RESET) refers to stm32f1xx_it.o(i.NMI_Handler) for NMI_Handler
    startup_stm32f103xe.o(RESET) refers to stm32f1xx_it.o(i.HardFault_Handler) for HardFault_Handler
    startup_stm32f103xe.o(RESET) refers to stm32f1xx_it.o(i.MemManage_Handler) for MemManage_Handler
    startup_stm32f103xe.o(RESET) refers to stm32f1xx_it.o(i.BusFault_Handler) for BusFault_Handler
    startup_stm32f103xe.o(RESET) refers to stm32f1xx_it.o(i.UsageFault_Handler) for UsageFault_Handler
    startup_stm32f103xe.o(RESET) refers to stm32f1xx_it.o(i.SVC_Handler) for SVC_Handler
    startup_stm32f103xe.o(RESET) refers to stm32f1xx_it.o(i.DebugMon_Handler) for DebugMon_Handler
    startup_stm32f103xe.o(RESET) refers to stm32f1xx_it.o(i.PendSV_Handler) for PendSV_Handler
    startup_stm32f103xe.o(RESET) refers to stm32f1xx_it.o(i.SysTick_Handler) for SysTick_Handler
    startup_stm32f103xe.o(RESET) refers to stm32f1xx_it.o(i.EXTI0_IRQHandler) for EXTI0_IRQHandler
    startup_stm32f103xe.o(RESET) refers to stm32f1xx_it.o(i.EXTI1_IRQHandler) for EXTI1_IRQHandler
    startup_stm32f103xe.o(RESET) refers to stm32f1xx_it.o(i.EXTI2_IRQHandler) for EXTI2_IRQHandler
    startup_stm32f103xe.o(RESET) refers to stm32f1xx_it.o(i.EXTI9_5_IRQHandler) for EXTI9_5_IRQHandler
    startup_stm32f103xe.o(RESET) refers to stm32f1xx_it.o(i.TIM4_IRQHandler) for TIM4_IRQHandler
    startup_stm32f103xe.o(RESET) refers to stm32f1xx_it.o(i.USART1_IRQHandler) for USART1_IRQHandler
    startup_stm32f103xe.o(.text) refers (Special) to heapauxi.o(.text) for __use_two_region_memory
    startup_stm32f103xe.o(.text) refers to system_stm32f1xx.o(i.SystemInit) for SystemInit
    startup_stm32f103xe.o(.text) refers to __main.o(!!!main) for __main
    startup_stm32f103xe.o(.text) refers to startup_stm32f103xe.o(HEAP) for Heap_Mem
    startup_stm32f103xe.o(.text) refers to startup_stm32f103xe.o(STACK) for Stack_Mem
    main.o(i.HAL_GPIO_EXTI_Callback) refers to stm32f1xx_hal_gpio.o(i.HAL_GPIO_ReadPin) for HAL_GPIO_ReadPin
    main.o(i.HAL_GPIO_EXTI_Callback) refers to main.o(.data) for encoder_count
    main.o(i.HAL_TIM_PeriodElapsedCallback) refers to tim.o(.bss) for htim4
    main.o(i.HAL_TIM_PeriodElapsedCallback) refers to main.o(.data) for time_ms
    main.o(i._Z18SystemClock_Configv) refers to rt_memclr_w.o(.text) for __aeabi_memclr4
    main.o(i._Z18SystemClock_Configv) refers to stm32f1xx_hal_rcc.o(i.HAL_RCC_OscConfig) for HAL_RCC_OscConfig
    main.o(i._Z18SystemClock_Configv) refers to main.o(i.Error_Handler) for Error_Handler
    main.o(i._Z18SystemClock_Configv) refers to stm32f1xx_hal_rcc.o(i.HAL_RCC_ClockConfig) for HAL_RCC_ClockConfig
    main.o(i.main) refers to stm32f1xx_hal.o(i.HAL_Init) for HAL_Init
    main.o(i.main) refers to main.o(i._Z18SystemClock_Configv) for SystemClock_Config()
    main.o(i.main) refers to gpio.o(i.MX_GPIO_Init) for MX_GPIO_Init
    main.o(i.main) refers to tim.o(i.MX_TIM1_Init) for MX_TIM1_Init
    main.o(i.main) refers to usart.o(i.MX_USART1_UART_Init) for MX_USART1_UART_Init
    main.o(i.main) refers to tim.o(i.MX_TIM4_Init) for MX_TIM4_Init
    main.o(i.main) refers to can.o(i.MX_CAN_Init) for MX_CAN_Init
    main.o(i.main) refers to tim.o(i.MX_TIM8_Init) for MX_TIM8_Init
    main.o(i.main) refers to i2c.o(i.MX_I2C1_Init) for MX_I2C1_Init
    main.o(i.main) refers to tim.o(i.MX_TIM6_Init) for MX_TIM6_Init
    main.o(i.main) refers to tim.o(i.MX_TIM3_Init) for MX_TIM3_Init
    main.o(i.main) refers to tim.o(i.MX_TIM2_Init) for MX_TIM2_Init
    main.o(i.main) refers to stm32f1xx_hal_tim.o(i.HAL_TIM_PWM_Start) for HAL_TIM_PWM_Start
    main.o(i.main) refers to stm32f1xx_hal_tim.o(i.HAL_TIM_Encoder_Start) for HAL_TIM_Encoder_Start
    main.o(i.main) refers to stm32f1xx_hal_tim.o(i.HAL_TIM_Base_Start_IT) for HAL_TIM_Base_Start_IT
    main.o(i.main) refers to can.o(i.Can_Init) for Can_Init
    main.o(i.main) refers to dm_motor.o(i._Z15DM_Motor_Enablet) for DM_Motor_Enable(unsigned short)
    main.o(i.main) refers to stm32f1xx_hal.o(i.HAL_Delay) for HAL_Delay
    main.o(i.main) refers to ps2_joystick.o(i._Z12PS2_ScanningP16JOYSTICK_TypeDef) for PS2_Scanning(JOYSTICK_TypeDef*)
    main.o(i.main) refers to chassis.o(i._Z17Go_Ahead_Velocityh) for Go_Ahead_Velocity(unsigned char)
    main.o(i.main) refers to stm32f1xx_hal_gpio.o(i.HAL_GPIO_WritePin) for HAL_GPIO_WritePin
[...]
    i._Z4CS_Lv                               0x08004c4c   Section        0  ps2_joystick.o(i._Z4CS_Lv)
    i._Z5CLK_Hv                              0x08004c60   Section        0  ps2_joystick.o(i._Z5CLK_Hv)
    i._Z5CLK_Lv                              0x08004c74   Section        0  ps2_joystick.o(i._Z5CLK_Lv)
    i._Z5CMD_Hv                              0x08004c88   Section        0  ps2_joystick.o(i._Z5CMD_Hv)
    i._Z5CMD_Lv                              0x08004c9c   Section        0  ps2_joystick.o(i._Z5CMD_Lv)
    i._Z8Delay_usj                           0x08004cb0   Section        0  ps2_joystick.o(i._Z8Delay_usj)
    i._ZN36_INTERNAL_14_PS2_JoyStick_c_PS2_data16PS2_ReadAndWriteEh 0x08004cdc   Section        0  ps2_joystick.o(i._ZN36_INTERNAL_14_PS2_JoyStick_c_PS2_data16PS2_ReadAndWriteEh)
    [local to PS2_JoyStick_c]::PS2_ReadAndWrite(unsigned char) 0x08004cdd   Thumb Code    82  ps2_joystick.o(i._ZN36_INTERNAL_14_PS2_JoyStick_c_PS2_data16PS2_ReadAndWriteEh)
    i._ZN41_INTERNAL_19_stm32f1xx_hal_rcc_c_b7071a4b9RCC_DelayEj 0x08004d34   Section        0  stm32f1xx_hal_rcc.o(i._ZN41_INTERNAL_19_stm32f1xx_hal_rcc_c_b7071a4b9RCC_DelayEj)
    [local to stm32f1xx_hal_rcc_c]::RCC_Delay(unsigned) 0x08004d35   Thumb Code    36  stm32f1xx_hal_rcc.o(i._ZN41_INTERNAL_19_stm32f1xx_hal_rcc_c_b7071a4b9RCC_DelayEj)
    i._ZN41_INTERNAL_19_stm32f1xx_hal_tim_c_a9d95b5217TIM_OC1_SetConfigEP11TIM_TypeDefPK18TIM_OC_InitTypeDef 0x08004d5c   Section        0  stm32f1xx_hal_tim.o(i._ZN41_INTERNAL_19_stm32f1xx_hal_tim_c_a9d95b5217TIM_OC1_SetConfigEP11TIM_TypeDefPK18TIM_OC_InitTypeDef)
    [local to stm32f1xx_hal_tim_c]::TIM_OC1_SetConfig(TIM_TypeDef*, const TIM_OC_InitTypeDef*) 0x08004d5d   Thumb Code   104  stm32f1xx_hal_tim.o(i._ZN41_INTERNAL_19_stm32f1xx_hal_tim_c_a9d95b5217TIM_OC1_SetConfigEP11TIM_TypeDefPK18TIM_OC_InitTypeDef)
    i._ZN41_INTERNAL_19_stm32f1xx_hal_tim_c_a9d95b5217TIM_OC3_SetConfigEP11TIM_TypeDefPK18TIM_OC_InitTypeDef 0x08004dcc   Section        0  stm32f1xx_hal_tim.o(i._ZN41_INTERNAL_19_stm32f1xx_hal_tim_c_a9d95b5217TIM_OC3_SetConfigEP11TIM_TypeDefPK18TIM_OC_InitTypeDef)
    [local to stm32f1xx_hal_tim_c]::TIM_OC3_SetConfig(TIM_TypeDef*, const TIM_OC_InitTypeDef*) 0x08004dcd   Thumb Code   112  stm32f1xx_hal_tim.o(i._ZN41_INTERNAL_19_stm32f1xx_hal_tim_c_a9d95b5217TIM_OC3_SetConfigEP11TIM_TypeDefPK18TIM_OC_InitTypeDef)
    i._ZN41_INTERNAL_19_stm32f1xx_hal_tim_c_a9d95b5217TIM_OC4_SetConfigEP11TIM_TypeDefPK18TIM_OC_InitTypeDef 0x08004e44   Section        0  stm32f1xx_hal_tim.o(i._ZN41_INTERNAL_19_stm32f1xx_hal_tim_c_a9d95b5217TIM_OC4_SetConfigEP11TIM_TypeDefPK18TIM_OC_InitTypeDef)
    [local to stm32f1xx_hal_tim_c]::TIM_OC4_SetConfig(TIM_TypeDef*, const TIM_OC_InitTypeDef*) 0x08004e45   Thumb Code    74  stm32f1xx_hal_tim.o(i._ZN41_INTERNAL_19_stm32f1xx_hal_tim_c_a9d95b5217TIM_OC4_SetConfigEP11TIM_TypeDefPK18TIM_OC_InitTypeDef)
    i._ZN41_INTERNAL_19_stm32f1xx_hal_tim_c_a9d95b5218TIM_ITRx_SetConfigEP11TIM_TypeDefj 0x08004e98   Section        0  stm32f1xx_hal_tim.o(i._ZN41_INTERNAL_19_stm32f1xx_hal_tim_c_a9d95b5218TIM_ITRx_SetConfigEP11TIM_TypeDefj)
    [local to stm32f1xx_hal_tim_c]::TIM_ITRx_SetConfig(TIM_TypeDef*, unsigned) 0x08004e99   Thumb Code    18  stm32f1xx_hal_tim.o(i._ZN41_INTERNAL_19_stm32f1xx_hal_tim_c_a9d95b5218TIM_ITRx_SetConfigEP11TIM_TypeDefj)
    i._ZN41_INTERNAL_19_stm32f1xx_hal_tim_c_a9d95b5224TIM_TI1_ConfigInputStageEP11TIM_TypeDefjj 0x08004eaa   Section        0  stm32f1xx_hal_tim.o(i._ZN41_INTERNAL_19_stm32f1xx_hal_tim_c_a9d95b5224TIM_TI1_ConfigInputStageEP11TIM_TypeDefjj)
    [local to stm32f1xx_hal_tim_c]::TIM_TI1_ConfigInputStage(TIM_TypeDef*, unsigned, unsigned) 0x08004eab   Thumb Code    38  stm32f1xx_hal_tim.o(i._ZN41_INTERNAL_19_stm32f1xx_hal_tim_c_a9d95b5224TIM_TI1_ConfigInputStageEP11TIM_TypeDefjj)
    i._ZN41_INTERNAL_19_stm32f1xx_hal_tim_c_a9d95b5224TIM_TI2_ConfigInputStageEP11TIM_TypeDefjj 0x08004ed0   Section        0  stm32f1xx_hal_tim.o(i._ZN41_INTERNAL_19_stm32f1xx_hal_tim_c_a9d95b5224TIM_TI2_ConfigInputStageEP11TIM_TypeDefjj)
    [local to stm32f1xx_hal_tim_c]::TIM_TI2_ConfigInputStage(TIM_TypeDef*, unsigned, unsigned) 0x08004ed1   Thumb Code    40  stm32f1xx_hal_tim.o(i._ZN41_INTERNAL_19_stm32f1xx_hal_tim_c_a9d95b5224TIM_TI2_ConfigInputStageEP11TIM_TypeDefjj)
    i._ZN42_INTERNAL_20_stm32f1xx_hal_uart_c_d497114f14UART_SetConfigEP20__UART_HandleTypeDef 0x08004ef8   Section        0  stm32f1xx_hal_uart.o(i._ZN42_INTERNAL_20_stm32f1xx_hal_uart_c_d497114f14UART_SetConfigEP20__UART_HandleTypeDef)
    [local to stm32f1xx_hal_uart_c]::UART_SetConfig(__UART_HandleTypeDef*) 0x08004ef9   Thumb Code   248  stm32f1xx_hal_uart.o(i._ZN42_INTERNAL_20_stm32f1xx_hal_uart_c_d497114f14UART_SetConfigEP20__UART_HandleTypeDef)
    i._ZN42_INTERNAL_20_stm32f1xx_hal_uart_c_d497114f15UART_Receive_ITEP20__UART_HandleTypeDef 0x08004ff4   Section        0  stm32f1xx_hal_uart.o(i._ZN42_INTERNAL_20_stm32f1xx_hal_uart_c_d497114f15UART_Receive_ITEP20__UART_HandleTypeDef)
    [local to stm32f1xx_hal_uart_c]::UART_Receive_IT(__UART_HandleTypeDef*) 0x08004ff5   Thumb Code   252  stm32f1xx_hal_uart.o(i._ZN42_INTERNAL_20_stm32f1xx_hal_uart_c_d497114f15UART_Receive_ITEP20__UART_HandleTypeDef)
    i._ZN42_INTERNAL_20_stm32f1xx_hal_uart_c_d497114f16UART_Transmit_ITEP20__UART_HandleTypeDef 0x080050f0   Section        0  stm32f1xx_hal_uart.o(i._ZN42_INTERNAL_20_stm32f1xx_hal_uart_c_d497114f16UART_Transmit_ITEP20__UART_HandleTypeDef)
    [local to stm32f1xx_hal_uart_c]::UART_Transmit_IT(__UART_HandleTypeDef*) 0x080050f1   Thumb Code    96  stm32f1xx_hal_uart.o(i._ZN42_INTERNAL_20_stm32f1xx_hal_uart_c_d497114f16UART_Transmit_ITEP20__UART_HandleTypeDef)
    i._ZN42_INTERNAL_20_stm32f1xx_hal_uart_c_d497114f18UART_EndRxTransferEP20__UART_HandleTypeDef 0x08005150   Section        0  stm32f1xx_hal_uart.o(i._ZN42_INTERNAL_20_stm32f1xx_hal_uart_c_d497114f18UART_EndRxTransferEP20__UART_HandleTypeDef)
    [local to stm32f1xx_hal_uart_c]::UART_EndRxTransfer(__UART_HandleTypeDef*) 0x08005151   Thumb Code   108  stm32f1xx_hal_uart.o(i._ZN42_INTERNAL_20_stm32f1xx_hal_uart_c_d497114f18UART_EndRxTransferEP20__UART_HandleTypeDef)
    i._ZN42_INTERNAL_20_stm32f1xx_hal_uart_c_d497114f19UART_EndTransmit_ITEP20__UART_HandleTypeDef 0x080051bc   Section        0  stm32f1xx_hal_uart.o(i._ZN42_INTERNAL_20_stm32f1xx_hal_uart_c_d497114f19UART_EndTransmit_ITEP20__UART_HandleTypeDef)
    [local to stm32f1xx_hal_uart_c]::UART_EndTransmit_IT(__UART_HandleTypeDef*) 0x080051bd   Thumb Code    32  stm32f1xx_hal_uart.o(i._ZN42_INTERNAL_20_stm32f1xx_hal_uart_c_d497114f19UART_EndTransmit_ITEP20__UART_HandleTypeDef)
    i._ZN42_INTERNAL_20_stm32f1xx_hal_uart_c_d497114f20UART_DMAAbortOnErrorEP19__DMA_HandleTypeDef 0x080051dc   Section        0  stm32f1xx_hal_uart.o(i._ZN42_INTERNAL_20_stm32f1xx_hal_uart_c_d497114f20UART_DMAAbortOnErrorEP19__DMA_HandleTypeDef)
    [local to stm32f1xx_hal_uart_c]::UART_DMAAbortOnError(__DMA_HandleTypeDef*) 0x080051dd   Thumb Code    20  stm32f1xx_hal_uart.o(i._ZN42_INTERNAL_20_stm32f1xx_hal_uart_c_d497114f20UART_DMAAbortOnErrorEP19__DMA_HandleTypeDef)
    i._ZN42_INTERNAL_20_stm32f1xx_hal_uart_c_d497114f27UART_WaitOnFlagUntilTimeoutEP20__UART_HandleTypeDefj10FlagStatusjj 0x080051f0   Section        0  stm32f1xx_hal_uart.o(i._ZN42_INTERNAL_20_stm32f1xx_hal_uart_c_d497114f27UART_WaitOnFlagUntilTimeoutEP20__UART_HandleTypeDefj10FlagStatusjj)
    [local to stm32f1xx_hal_uart_c]::UART_WaitOnFlagUntilTimeout(__UART_HandleTypeDef*, unsigned, FlagStatus, unsigned, unsigned) 0x080051f1   Thumb Code   140  stm32f1xx_hal_uart.o(i._ZN42_INTERNAL_20_stm32f1xx_hal_uart_c_d497114f27UART_WaitOnFlagUntilTimeoutEP20__UART_HandleTypeDefj10FlagStatusjj)
    i._ZN44_INTERNAL_22_stm32f1xx_hal_cortex_c_2992dbc018__NVIC_SetPriorityE9IRQn_Typej 0x0800527c   Section        0  stm32f1xx_hal_cortex.o(i._ZN44_INTERNAL_22_stm32f1xx_hal_cortex_c_2992dbc018__NVIC_SetPriorityE9IRQn_Typej)
    [local to stm32f1xx_hal_cortex_c]::__NVIC_SetPriority(IRQn_Type, unsigned) 0x0800527d   Thumb Code    32  stm32f1xx_hal_cortex.o(i._ZN44_INTERNAL_22_stm32f1xx_hal_cortex_c_2992dbc018__NVIC_SetPriorityE9IRQn_Typej)
    i._ZN44_INTERNAL_22_stm32f1xx_hal_cortex_c_2992dbc026__NVIC_GetPriorityGroupingEv 0x080052a4   Section        0  stm32f1xx_hal_cortex.o(i._ZN44_INTERNAL_22_stm32f1xx_hal_cortex_c_2992dbc026__NVIC_GetPriorityGroupingEv)
    [local to stm32f1xx_hal_cortex_c]::__NVIC_GetPriorityGrouping() 0x080052a5   Thumb Code    10  stm32f1xx_hal_cortex.o(i._ZN44_INTERNAL_22_stm32f1xx_hal_cortex_c_2992dbc026__NVIC_GetPriorityGroupingEv)
    i.__ARM_fpclassify                       0x080052b4   Section        0  fpclassify.o(i.__ARM_fpclassify)
    i._is_digit                              0x080052dc   Section        0  __printf_wp.o(i._is_digit)
    i.main                                   0x080052ec   Section        0  main.o(i.main)
    locale$$code                             0x080054f8   Section       44  lc_numeric_c.o(locale$$code)
    x$fpl$d2f                                0x08005524   Section       98  d2f.o(x$fpl$d2f)
    x$fpl$ddiv                               0x08005588   Section      688  ddiv.o(x$fpl$ddiv)
    ddiv_entry                               0x0800558f   Thumb Code     0  ddiv.o(x$fpl$ddiv)
    x$fpl$dflt                               0x08005838   Section       46  dflt_clz.o(x$fpl$dflt)
    x$fpl$dnaninf                            0x08005866   Section      156  dnaninf.o(x$fpl$dnaninf)
    x$fpl$dretinf                            0x08005902   Section       12  dretinf.o(x$fpl$dretinf)
    x$fpl$f2d                                0x08005910   Section       86  f2d.o(x$fpl$f2d)
    x$fpl$fadd                               0x08005968   Section      196  faddsub_clz.o(x$fpl$fadd)
    _fadd1                                   0x08005977   Thumb Code     0  faddsub_clz.o(x$fpl$fadd)
    x$fpl$fcmpinf                            0x08005a2c   Section       24  fcmpi.o(x$fpl$fcmpinf)
    x$fpl$fdiv                               0x08005a44   Section      388  fdiv.o(x$fpl$fdiv)
    _fdiv1                                   0x08005a45   Thumb Code     0  fdiv.o(x$fpl$fdiv)
    x$fpl$ffix                               0x08005bc8   Section       54  ffix.o(x$fpl$ffix)
    x$fpl$ffixu                              0x08005c00   Section       62  ffixu.o(x$fpl$ffixu)
    x$fpl$fflt                               0x08005c40   Section       48  fflt_clz.o(x$fpl$fflt)
    x$fpl$fleqf                              0x08005c70   Section      104  fleqf.o(x$fpl$fleqf)
    x$fpl$fmul                               0x08005cd8   Section      258  fmul.o(x$fpl$fmul)
    x$fpl$fnaninf                            0x08005dda   Section      140  fnaninf.o(x$fpl$fnaninf)
    x$fpl$fretinf                            0x08005e66   Section       10  fretinf.o(x$fpl$fretinf)
    x$fpl$frleqf                             0x08005e70   Section       98  frleqf.o(x$fpl$frleqf)
    x$fpl$frsb                               0x08005ed2   Section       20  faddsub_clz.o(x$fpl$frsb)
    x$fpl$fsub                               0x08005ee8   Section      234  faddsub_clz.o(x$fpl$fsub)
    _fsub1                                   0x08005ef7   Thumb Code     0  faddsub_clz.o(x$fpl$fsub)
    x$fpl$printf1                            0x08005fd2   Section        4  printf1.o(x$fpl$printf1)
    .constdata                               0x08005fd6   Section       18  stm32f1xx_hal_rcc.o(.constdata)
    x$fpl$usenofp                            0x08005fd6   Section        0  usenofp.o(x$fpl$usenofp)
    HAL_RCC_GetSysClockFreq::aPLLMULFactorTable 0x08005fd6   Data          16  stm32f1xx_hal_rcc.o(.constdata)
    HAL_RCC_GetSysClockFreq::aPredivFactorTable 0x08005fe6   Data           2  stm32f1xx_hal_rcc.o(.constdata)
    .constdata                               0x08005fe8   Section       24  system_stm32f1xx.o(.constdata)
    .constdata                               0x08006000   Section        9  ps2_joystick.o(.constdata)
    PS2_command                              0x08006000   Data           9  ps2_joystick.o(.constdata)
    .constdata                               0x0800600c   Section      148  bigflt0.o(.constdata)
    tenpwrs_x                                0x0800600c   Data          60  bigflt0.o(.constdata)
    tenpwrs_i                                0x08006048   Data          64  bigflt0.o(.constdata)
    locale$$data                             0x080060c0   Section       28  lc_numeric_c.o(locale$$data)
    __lcnum_c_name                           0x080060c4   Data           2  lc_numeric_c.o(locale$$data)
    __lcnum_c_start                          0x080060cc   Data           0  lc_numeric_c.o(locale$$data)
    __lcnum_c_point                          0x080060d8   Data           0  lc_numeric_c.o(locale$$data)
    __lcnum_c_thousands                      0x080060da   Data           0  lc_numeric_c.o(locale$$data)
    __lcnum_c_grouping                       0x080060db   Data           0  lc_numeric_c.o(locale$$data)
    __lcnum_c_end                            0x080060dc   Data           0  lc_numeric_c.o(locale$$data)
    .data                                    0x20000000   Section       25  main.o(.data)
    .data                                    0x2000001c   Section        9  stm32f1xx_hal.o(.data)
    .data                                    0x20000028   Section        4  system_stm32f1xx.o(.data)
    .data                                    0x2000002c   Section        3  dm_motor.o(.data)
    .bss                                     0x20000030   Section       40  can.o(.bss)
    .bss                                     0x20000058   Section       84  i2c.o(.bss)
    .bss                                     0x200000ac   Section      432  tim.o(.bss)
    .bss                                     0x2000025c   Section       72  usart.o(.bss)
    .bss                                     0x200002a4   Section       24  brushed_motor.o(.bss)
    .bss                                     0x200002bc   Section        9  ps2_joystick.o(.bss)
    .bss                                     0x200002c8   Section       96  libspace.o(.bss)
    HEAP                                     0x20000328   Section      512  startup_stm32f103xe.o(HEAP)
    Heap_Mem                                 0x20000328   Data         512  startup_stm32f103xe.o(HEAP)
    STACK                                    0x20000528   Section     1024  startup_stm32f103xe.o(STACK)
    Stack_Mem                                0x20000528   Data        1024  startup_stm32f103xe.o(STACK)
    __initial_sp                             0x20000928   Data           0  startup_stm32f103xe.o(STACK)

    Global Symbols

    Symbol Name                              Value     Ov Type        Size  Object(Section)

    BuildAttributes$$THM_ISAv4$P$D$K$B$S$PE$A:L22UL41UL21$X:L11$S22US41US21$IEEE1$IW$USESV6$~STKCKD$USESV7$~SHL$OTIME$ROPI$IEEEJ$EBA8$UX$STANDARDLIB$REQ8$PRES8$EABIv2 0x00000000   Number         0  anon$$obj.o ABSOLUTE
    __ARM_use_no_argv                        0x00000000   Number         0  main.o ABSOLUTE
    _printf_flags                            0x00000000   Number         0  printf_stubs.o ABSOLUTE
    _printf_return_value                     0x00000000   Number         0  printf_stubs.o ABSOLUTE
    _printf_sizespec                         0x00000000   Number         0  printf_stubs.o ABSOLUTE
    _printf_widthprec                        0x00000000   Number         0  printf_stubs.o ABSOLUTE
    __ARM_exceptions_init                     - Undefined Weak Reference
    __alloca_initialize                       - Undefined Weak Reference
    __arm_fini_                               - Undefined Weak Reference
    __arm_preinit_                            - Undefined Weak Reference
    __cpp_initialize__aeabi_                  - Undefined Weak Reference
    __cxa_finalize                            - Undefined Weak Reference
    __sigvec_lookup                           - Undefined Weak Reference
    _atexit_init                              - Undefined Weak Reference
    _call_atexit_fns                          - Undefined Weak Reference
    _clock_init                               - Undefined Weak Reference
    _fp_trap_init                             - Undefined Weak Reference
    _fp_trap_shutdown                         - Undefined Weak Reference
    _get_lc_collate                           - Undefined Weak Reference
    _get_lc_ctype                             - Undefined Weak Reference
    _get_lc_monetary                          - Undefined Weak Reference
    _get_lc_time                              - Undefined Weak Reference
    _getenv_init                              - Undefined Weak Reference
    _handle_redirection                       - Undefined Weak Reference
    _init_alloc                               - Undefined Weak Reference
    _init_user_alloc                          - Undefined Weak Reference
    _initio                                   - Undefined Weak Reference
    _printf_post_padding                      - Undefined Weak Reference
    _printf_pre_padding                       - Undefined Weak Reference
    _printf_truncate_signed                   - Undefined Weak Reference
    _printf_truncate_unsigned                 - Undefined Weak Reference
    _rand_init                                - Undefined Weak Reference
    _signal_finish                            - Undefined Weak Reference
    _signal_init                              - Undefined Weak Reference
    _terminate_alloc                          - Undefined Weak Reference
    _terminate_user_alloc                     - Undefined Weak Reference
    _terminateio                              - Undefined Weak Reference
    __Vectors_Size                           0x00000130   Number         0  startup_stm32f103xe.o ABSOLUTE
    __Vectors                                0x08000000   Data           4  startup_stm32f103xe.o(RESET)
    __Vectors_End                            0x08000130   Data           0  startup_stm32f103xe.o(RESET)
    __main                                   0x08000131   Thumb Code     8  __main.o(!!!main)
    __scatterload                            0x08000139   Thumb Code     0  __scatter.o(!!!scatter)
    __scatterload_rt2                        0x08000139   Thumb Code    44  __scatter.o(!!!scatter)
    __scatterload_rt2_thumb_only             0x08000139   Thumb Code     0  __scatter.o(!!!scatter)
    __scatterload_null                       0x08000147   Thumb Code     0  __scatter.o(!!!scatter)
    __scatterload_copy                       0x0800016d   Thumb Code    26  __scatter_copy.o(!!handler_copy)
    __scatterload_zeroinit                   0x08000189   Thumb Code    28  __scatter_zi.o(!!handler_zi)
    _printf_f                                0x080001a5   Thumb Code     0  _printf_f.o(.ARM.Collect$$_printf_percent$$00000003)
    _printf_percent                          0x080001a5   Thumb Code     0  _printf_percent.o(.ARM.Collect$$_printf_percent$$00000000)
    _printf_percent_end                      0x080001ab   Thumb Code     0  _printf_percent_end.o(.ARM.Collect$$_printf_percent$$00000017)
    __rt_lib_init                            0x080001af   Thumb Code     0  libinit.o(.ARM.Collect$$libinit$$00000000)
    __rt_lib_init_fp_1                       0x080001b1   Thumb Code     0  libinit2.o(.ARM.Collect$$libinit$$00000002)
    __rt_lib_init_heap_1                     0x080001b1   Thumb Code     0  libinit2.o(.ARM.Collect$$libinit$$0000000A)
    __rt_lib_init_lc_common                  0x080001b1   Thumb Code     0  libinit2.o(.ARM.Collect$$libinit$$0000000F)
    __rt_lib_init_preinit_1                  0x080001b1   Thumb Code     0  libinit2.o(.ARM.Collect$$libinit$$00000004)
    __rt_lib_init_rand_1                     0x080001b1   Thumb Code     0  libinit2.o(.ARM.Collect$$libinit$$0000000E)
    __rt_lib_init_user_alloc_1               0x080001b1   Thumb Code     0  libinit2.o(.ARM.Collect$$libinit$$0000000C)
    __rt_lib_init_lc_collate_1               0x080001b7   Thumb Code     0  libinit2.o(.ARM.Collect$$libinit$$00000011)
    __rt_lib_init_lc_ctype_1                 0x080001b7   Thumb Code     0  libinit2.o(.ARM.Collect$$libinit$$00000013)
    __rt_lib_init_lc_monetary_1              0x080001b7   Thumb Code     0  libinit2.o(.ARM.Collect$$libinit$$00000015)
    __rt_lib_init_lc_numeric_2               0x080001b7   Thumb Code     0  libinit2.o(.ARM.Collect$$libinit$$00000016)
    __rt_lib_init_alloca_1                   0x080001c1   Thumb Code     0  libinit2.o(.ARM.Collect$$libinit$$0000002E)
    __rt_lib_init_argv_1                     0x080001c1   Thumb Code     0  libinit2.o(.ARM.Collect$$libinit$$0000002C)
    __rt_lib_init_atexit_1                   0x080001c1   Thumb Code     0  libinit2.o(.ARM.Collect$$libinit$$0000001B)
    __rt_lib_init_clock_1                    0x080001c1   Thumb Code     0  libinit2.o(.ARM.Collect$$libinit$$00000021)
    __rt_lib_init_cpp_1                      0x080001c1   Thumb Code     0  libinit2.o(.ARM.Collect$$libinit$$00000032)
    __rt_lib_init_exceptions_1               0x080001c1   Thumb Code     0  libinit2.o(.ARM.Collect$$libinit$$00000030)
    __rt_lib_init_fp_trap_1                  0x080001c1   Thumb Code     0  libinit2.o(.ARM.Collect$$libinit$$0000001F)
    __rt_lib_init_getenv_1                   0x080001c1   Thumb Code     0  libinit2.o(.ARM.Collect$$libinit$$00000023)
    __rt_lib_init_lc_numeric_1               0x080001c1   Thumb Code     0  libinit2.o(.ARM.Collect$$libinit$$00000017)
    __rt_lib_init_lc_time_1                  0x080001c1   Thumb Code     0  libinit2.o(.ARM.Collect$$libinit$$00000019)
    __rt_lib_init_return                     0x080001c1   Thumb Code     0  libinit2.o(.ARM.Collect$$libinit$$00000033)
    __rt_lib_init_signal_1                   0x080001c1   Thumb Code     0  libinit2.o(.ARM.Collect$$libinit$$0000001D)
    __rt_lib_init_stdio_1                    0x080001c1   Thumb Code     0  libinit2.o(.ARM.Collect$$libinit$$00000025)
    __rt_lib_shutdown                        0x080001c3   Thumb Code     0  libshutdown.o(.ARM.Collect$$libshutdown$$00000000)
    __rt_lib_shutdown_cpp_1                  0x080001c5   Thumb Code     0  libshutdown2.o(.ARM.Collect$$libshutdown$$00000004)
    __rt_lib_shutdown_fini_1                 0x080001c5   Thumb Code     0  libshutdown2.o(.ARM.Collect$$libshutdown$$00000002)
    __rt_lib_shutdown_fp_trap_1              0x080001c5   Thumb Code     0  libshutdown2.o(.ARM.Collect$$libshutdown$$00000009)
    __rt_lib_shutdown_heap_1                 0x080001c5   Thumb Code     0  libshutdown2.o(.ARM.Collect$$libshutdown$$00000011)
    __rt_lib_shutdown_return                 0x080001c5   Thumb Code     0  libshutdown2.o(.ARM.Collect$$libshutdown$$00000012)
    __rt_lib_shutdown_signal_1               0x080001c5   Thumb Code     0  libshutdown2.o(.ARM.Collect$$libshutdown$$0000000C)
    __rt_lib_shutdown_stdio_1                0x080001c5   Thumb Code     0  libshutdown2.o(.ARM.Collect$$libshutdown$$00000006)
    __rt_lib_shutdown_user_alloc_1           0x080001c5   Thumb Code     0  libshutdown2.o(.ARM.Collect$$libshutdown$$0000000E)
    __rt_entry                               0x080001c7   Thumb Code     0  __rtentry.o(.ARM.Collect$$rtentry$$00000000)
    __rt_entry_presh_1                       0x080001c7   Thumb Code     0  __rtentry2.o(.ARM.Collect$$rtentry$$00000002)
    __rt_entry_sh                            0x080001c7   Thumb Code     0  __rtentry4.o(.ARM.Collect$$rtentry$$00000004)
    __rt_entry_li                            0x080001cd   Thumb Code     0  __rtentry2.o(.ARM.Collect$$rtentry$$0000000A)
    __rt_entry_postsh_1                      0x080001cd   Thumb Code     0  __rtentry2.o(.ARM.Collect$$rtentry$$00000009)
    __rt_entry_main                          0x080001d1   Thumb Code     0  __rtentry2.o(.ARM.Collect$$rtentry$$0000000D)
    __rt_entry_postli_1                      0x080001d1   Thumb Code     0  __rtentry2.o(.ARM.Collect$$rtentry$$0000000C)
    __rt_exit                                0x080001d9   Thumb Code     0  rtexit.o(.ARM.Collect$$rtexit$$00000000)
    __rt_exit_ls                             0x080001db   Thumb Code     0  rtexit2.o(.ARM.Collect$$rtexit$$00000003)
    __rt_exit_prels_1                        0x080001db   Thumb Code     0  rtexit2.o(.ARM.Collect$$rtexit$$00000002)
    __rt_exit_exit                           0x080001df   Thumb Code     0  rtexit2.o(.ARM.Collect$$rtexit$$00000004)
    Reset_Handler                            0x080001e5   Thumb Code     8  startup_stm32f103xe.o(.text)
    ADC1_2_IRQHandler                        0x080001ff   Thumb Code     0  startup_stm32f103xe.o(.text)
    ADC3_IRQHandler                          0x080001ff   Thumb Code     0  startup_stm32f103xe.o(.text)
    CAN1_RX1_IRQHandler                      0x080001ff   Thumb Code     0  startup_stm32f103xe.o(.text)
    CAN1_SCE_IRQHandler                      0x080001ff   Thumb Code     0  startup_stm32f103xe.o(.text)
    DMA1_Channel1_IRQHandler                 0x080001ff   Thumb Code     0  startup_stm32f103xe.o(.text)
    DMA1_Channel2_IRQHandler                 0x080001ff   Thumb Code     0  startup_stm32f103xe.o(.text)
    DMA1_Channel3_IRQHandler                 0x080001ff   Thumb Code     0  startup_stm32f103xe.o(.text)
    DMA1_Channel4_IRQHandler                 0x080001ff   Thumb Code     0  startup_stm32f103xe.o(.text)
    DMA1_Channel5_IRQHandler                 0x080001ff   Thumb Code     0  startup_stm32f103xe.o(.text)
    DMA1_Channel6_IRQHandler                 0x080001ff   Thumb Code     0  startup_stm32f103xe.o(.text)
    DMA1_Channel7_IRQHandler                 0x080001ff   Thumb Code     0  startup_stm32f103xe.o(.text)
    DMA2_Channel1_IRQHandler                 0x080001ff   Thumb Code     0  startup_stm32f103xe.o(.text)
    DMA2_Channel2_IRQHandler                 0x080001ff   Thumb Code     0  startup_stm32f103xe.o(.text)
    DMA2_Channel3_IRQHandler                 0x080001ff   Thumb Code     0  startup_stm32f103xe.o(.text)
    DMA2_Channel4_5_IRQHandler               0x080001ff   Thumb Code     0  startup_stm32f103xe.o(.text)
    EXTI15_10_IRQHandler                     0x080001ff   Thumb Code     0  startup_stm32f103xe.o(.text)
    EXTI3_IRQHandler                         0x080001ff   Thumb Code     0  startup_stm32f103xe.o(.text)
    EXTI4_IRQHandler                         0x080001ff   Thumb Code     0  startup_stm32f103xe.o(.text)
    FLASH_IRQHandler                         0x080001ff   Thumb Code     0  startup_stm32f103xe.o(.text)
    FSMC_IRQHandler                          0x080001ff   Thumb Code     0  startup_stm32f103xe.o(.text)
    I2C1_ER_IRQHandler                       0x080001ff   Thumb Code     0  startup_stm32f103xe.o(.text)
    I2C1_EV_IRQHandler                       0x080001ff   Thumb Code     0  startup_stm32f103xe.o(.text)
    I2C2_ER_IRQHandler                       0x080001ff   Thumb Code     0  startup_stm32f103xe.o(.text)
    I2C2_EV_IRQHandler                       0x080001ff   Thumb Code     0  startup_stm32f103xe.o(.text)
    PVD_IRQHandler                           0x080001ff   Thumb Code     0  startup_stm32f103xe.o(.text)
    RCC_IRQHandler                           0x080001ff   Thumb Code     0  startup_stm32f103xe.o(.text)
    RTC_Alarm_IRQHandler                     0x080001ff   Thumb Code     0  startup_stm32f103xe.o(.text)
    RTC_IRQHandler                           0x080001ff   Thumb Code     0  startup_stm32f103xe.o(.text)
    SDIO_IRQHandler                          0x080001ff   Thumb Code     0  startup_stm32f103xe.o(.text)
    SPI1_IRQHandler                          0x080001ff   Thumb Code     0  startup_stm32f103xe.o(.text)
    SPI2_IRQHandler                          0x080001ff   Thumb Code     0  startup_stm32f103xe.o(.text)
    SPI3_IRQHandler                          0x080001ff   Thumb Code     0  startup_stm32f103xe.o(.text)
    TAMPER_IRQHandler                        0x080001ff   Thumb Code     0  startup_stm32f103xe.o(.text)
    TIM1_BRK_IRQHandler                      0x080001ff   Thumb Code     0  startup_stm32f103xe.o(.text)
    TIM1_CC_IRQHandler                       0x080001ff   Thumb Code     0  startup_stm32f103xe.o(.text)
    TIM1_TRG_COM_IRQHandler                  0x080001ff   Thumb Code     0  startup_stm32f103xe.o(.text)
    TIM1_UP_IRQHandler                       0x080001ff   Thumb Code     0  startup_stm32f103xe.o(.text)
    TIM2_IRQHandler                          0x080001ff   Thumb Code     0  startup_stm32f103xe.o(.text)
    TIM3_IRQHandler                          0x080001ff   Thumb Code     0  startup_stm32f103xe.o(.text)
    TIM5_IRQHandler                          0x080001ff   Thumb Code     0  startup_stm32f103xe.o(.text)
    TIM6_IRQHandler                          0x080001ff   Thumb Code     0  startup_stm32f103xe.o(.text)
    TIM7_IRQHandler                          0x080001ff   Thumb Code     0  startup_stm32f103xe.o(.text)
    TIM8_BRK_IRQHandler                      0x080001ff   Thumb Code     0  startup_stm32f103xe.o(.text)
    TIM8_CC_IRQHandler                       0x080001ff   Thumb Code     0  startup_stm32f103xe.o(.text)
    TIM8_TRG_COM_IRQHandler                  0x080001ff   Thumb Code     0  startup_stm32f103xe.o(.text)
    TIM8_UP_IRQHandler                       0x080001ff   Thumb Code     0  startup_stm32f103xe.o(.text)
    UART4_IRQHandler                         0x080001ff   Thumb Code     0  startup_stm32f103xe.o(.text)
    UART5_IRQHandler                         0x080001ff   Thumb Code     0  startup_stm32f103xe.o(.text)
    USART2_IRQHandler                        0x080001ff   Thumb Code     0  startup_stm32f103xe.o(.text)
    USART3_IRQHandler                        0x080001ff   Thumb Code     0  startup_stm32f103xe.o(.text)
    USBWakeUp_IRQHandler                     0x080001ff   Thumb Code     0  startup_stm32f103xe.o(.text)
    USB_HP_CAN1_TX_IRQHandler                0x080001ff   Thumb Code     0  startup_stm32f103xe.o(.text)
    USB_LP_CAN1_RX0_IRQHandler               0x080001ff   Thumb Code     0  startup_stm32f103xe.o(.text)
    WWDG_IRQHandler                          0x080001ff   Thumb Code     0  startup_stm32f103xe.o(.text)
    __user_initial_stackheap                 0x08000201   Thumb Code     0  startup_stm32f103xe.o(.text)
    __2sprintf                               0x08000225   Thumb Code    34  noretval__2sprintf.o(.text)
    __printf                                 0x0800024d   Thumb Code   270  __printf_wp.o(.text)
    strlen                                   0x0800035b   Thumb Code    62  strlen.o(.text)
    __aeabi_memclr4                          0x08000399   Thumb Code     0  rt_memclr_w.o(.text)
    __aeabi_memclr8                          0x08000399   Thumb Code     0  rt_memclr_w.o(.text)
    __rt_memclr_w                            0x08000399   Thumb Code    78  rt_memclr_w.o(.text)
    _memset_w                                0x0800039d   Thumb Code     0  rt_memclr_w.o(.text)
    __use_two_region_memory                  0x080003e7   Thumb Code     2  heapauxi.o(.text)
    __rt_heap_escrow$2region                 0x080003e9   Thumb Code     2  heapauxi.o(.text)
    __rt_heap_expand$2region                 0x080003eb   Thumb Code     2  heapauxi.o(.text)
    __lib_sel_fp_printf                      0x080003ed   Thumb Code     2  _printf_fp_dec.o(.text)
    _printf_fp_dec_real                      0x0800059f   Thumb Code   620  _printf_fp_dec.o(.text)
    _printf_char_common                      0x08000817   Thumb Code    32  _printf_char_common.o(.text)
    _sputc                                   0x0800083d   Thumb Code    10  _sputc.o(.text)
    __rt_locale                              0x08000849   Thumb Code     8  rt_locale_intlibspace.o(.text)
    _ll_udiv10                               0x08000851   Thumb Code   138  lludiv10.o(.text)
    _printf_fp_infnan                        0x080008dd   Thumb Code   112  _printf_fp_infnan.o(.text)
    _btod_etento                             0x0800095d   Thumb Code   224  bigflt0.o(.text)
    __user_libspace                          0x08000a41   Thumb Code     8  libspace.o(.text)
    __user_perproc_libspace                  0x08000a41   Thumb Code     0  libspace.o(.text)
    __user_perthread_libspace                0x08000a41   Thumb Code     0  libspace.o(.text)
    __user_setup_stackheap                   0x08000a49   Thumb Code    74  sys_stackheap_outer.o(.text)
    exit                                     0x08000a93   Thumb Code    18  exit.o(.text)
    strcmp                                   0x08000aa5   Thumb Code   128  strcmpv7m.o(.text)
    _sys_exit                                0x08000b25   Thumb Code     8  sys_exit.o(.text)
    __I$use$semihosting                      0x08000b31   Thumb Code     0  use_no_semi.o(.text)
    __use_no_semihosting_swi                 0x08000b31   Thumb Code     2  use_no_semi.o(.text)
    __semihosting_library_function           0x08000b33   Thumb Code     0  indicate_semi.o(.text)
    _btod_d2e                                0x08000b33   Thumb Code    62  btod.o(CL$$btod_d2e)
    _d2e_denorm_low                          0x08000b71   Thumb Code    70  btod.o(CL$$btod_d2e_denorm_low)
    _d2e_norm_op1                            0x08000bb7   Thumb Code    96  btod.o(CL$$btod_d2e_norm_op1)
    __btod_div_common                        0x08000c17   Thumb Code   696  btod.o(CL$$btod_div_common)
    _e2e                                     0x08000f4f   Thumb Code   220  btod.o(CL$$btod_e2e)
    _btod_ediv                               0x0800102b   Thumb Code    42  btod.o(CL$$btod_ediv)
    _btod_emul                               0x08001055   Thumb Code    42  btod.o(CL$$btod_emul)
    __btod_mult_common                       0x0800107f   Thumb Code   580  btod.o(CL$$btod_mult_common)
    BusFault_Handler                         0x080012c3   Thumb Code     4  stm32f1xx_it.o(i.BusFault_Handler)
    Can_Init                                 0x080012c9   Thumb Code    74  can.o(i.Can_Init)
    Can_send_data                            0x08001319   Thumb Code   104  can.o(i.Can_send_data)
    DebugMon_Handler                         0x08001385   Thumb Code     2  stm32f1xx_it.o(i.DebugMon_Handler)
    EXTI0_IRQHandler                         0x08001387   Thumb Code    10  stm32f1xx_it.o(i.EXTI0_IRQHandler)
    EXTI1_IRQHandler                         0x08001391   Thumb Code    10  stm32f1xx_it.o(i.EXTI1_IRQHandler)
    EXTI2_IRQHandler                         0x0800139b   Thumb Code    10  stm32f1xx_it.o(i.EXTI2_IRQHandler)
    EXTI9_5_IRQHandler                       0x080013a5   Thumb Code    12  stm32f1xx_it.o(i.EXTI9_5_IRQHandler)
    Error_Handler                            0x080013b1   Thumb Code     6  main.o(i.Error_Handler)
    HAL_CAN_ActivateNotification             0x080013b7   Thumb Code    42  stm32f1xx_hal_can.o(i.HAL_CAN_ActivateNotification)
    HAL_CAN_AddTxMessage                     0x080013e1   Thumb Code   330  stm32f1xx_hal_can.o(i.HAL_CAN_AddTxMessage)
    HAL_CAN_ConfigFilter                     0x0800152b   Thumb Code   266  stm32f1xx_hal_can.o(i.HAL_CAN_ConfigFilter)
    HAL_CAN_GetTxMailboxesFreeLevel          0x08001635   Thumb Code    54  stm32f1xx_hal_can.o(i.HAL_CAN_GetTxMailboxesFreeLevel)
    HAL_CAN_Init                             0x0800166b   Thumb Code   372  stm32f1xx_hal_can.o(i.HAL_CAN_Init)
    HAL_CAN_MspInit                          0x080017e1   Thumb Code   122  can.o(i.HAL_CAN_MspInit)
    HAL_CAN_Start                            0x08001869   Thumb Code    94  stm32f1xx_hal_can.o(i.HAL_CAN_Start)
    HAL_DMA_Abort                            0x080018c7   Thumb Code    86  stm32f1xx_hal_dma.o(i.HAL_DMA_Abort)
    HAL_DMA_Abort_IT                         0x0800191d   Thumb Code   414  stm32f1xx_hal_dma.o(i.HAL_DMA_Abort_IT)
    HAL_Delay                                0x08001ac5   Thumb Code    36  stm32f1xx_hal.o(i.HAL_Delay)
    HAL_GPIO_EXTI_Callback                   0x08001aed   Thumb Code   364  main.o(i.HAL_GPIO_EXTI_Callback)
    HAL_GPIO_EXTI_IRQHandler                 0x08001c65   Thumb Code    24  stm32f1xx_hal_gpio.o(i.HAL_GPIO_EXTI_IRQHandler)
    HAL_GPIO_Init                            0x08001c81   Thumb Code   792  stm32f1xx_hal_gpio.o(i.HAL_GPIO_Init)
    HAL_GPIO_ReadPin                         0x08001fc1   Thumb Code    16  stm32f1xx_hal_gpio.o(i.HAL_GPIO_ReadPin)
    HAL_GPIO_WritePin                        0x08001fd1   Thumb Code    12  stm32f1xx_hal_gpio.o(i.HAL_GPIO_WritePin)
    HAL_GetTick                              0x08001fdd   Thumb Code     6  stm32f1xx_hal.o(i.HAL_GetTick)
    HAL_I2C_Init                             0x08001fe9   Thumb Code   446  stm32f1xx_hal_i2c.o(i.HAL_I2C_Init)
    HAL_I2C_MspInit                          0x080021b9   Thumb Code   104  i2c.o(i.HAL_I2C_MspInit)
    HAL_IncTick                              0x0800222d   Thumb Code    16  stm32f1xx_hal.o(i.HAL_IncTick)
    HAL_Init                                 0x08002245   Thumb Code    34  stm32f1xx_hal.o(i.HAL_Init)
    HAL_InitTick                             0x0800226d   Thumb Code    64  stm32f1xx_hal.o(i.HAL_InitTick)
    HAL_MspInit                              0x080022b9   Thumb Code    76  stm32f1xx_hal_msp.o(i.HAL_MspInit)
    HAL_NVIC_EnableIRQ                       0x0800230d   Thumb Code    32  stm32f1xx_hal_cortex.o(i.HAL_NVIC_EnableIRQ)
    HAL_NVIC_SetPriority                     0x0800232d   Thumb Code   124  stm32f1xx_hal_cortex.o(i.HAL_NVIC_SetPriority)
    HAL_NVIC_SetPriorityGrouping             0x080023a9   Thumb Code    32  stm32f1xx_hal_cortex.o(i.HAL_NVIC_SetPriorityGrouping)
    HAL_RCC_ClockConfig                      0x080023d1   Thumb Code   376  stm32f1xx_hal_rcc.o(i.HAL_RCC_ClockConfig)
    HAL_RCC_GetHCLKFreq                      0x0800255d   Thumb Code     6  stm32f1xx_hal_rcc.o(i.HAL_RCC_GetHCLKFreq)
    HAL_RCC_GetPCLK1Freq                     0x08002569   Thumb Code    22  stm32f1xx_hal_rcc.o(i.HAL_RCC_GetPCLK1Freq)
    HAL_RCC_GetPCLK2Freq                     0x08002589   Thumb Code    22  stm32f1xx_hal_rcc.o(i.HAL_RCC_GetPCLK2Freq)
    HAL_RCC_GetSysClockFreq                  0x080025a9   Thumb Code    92  stm32f1xx_hal_rcc.o(i.HAL_RCC_GetSysClockFreq)
    HAL_RCC_OscConfig                        0x08002619   Thumb Code  1114  stm32f1xx_hal_rcc.o(i.HAL_RCC_OscConfig)
    HAL_SYSTICK_Config                       0x08002a7d   Thumb Code    52  stm32f1xx_hal_cortex.o(i.HAL_SYSTICK_Config)
    HAL_TIMEx_BreakCallback                  0x08002ab1   Thumb Code     2  stm32f1xx_hal_tim_ex.o(i.HAL_TIMEx_BreakCallback)
    HAL_TIMEx_CommutCallback                 0x08002ab3   Thumb Code     2  stm32f1xx_hal_tim_ex.o(i.HAL_TIMEx_CommutCallback)
    HAL_TIMEx_ConfigBreakDeadTime            0x08002ab5   Thumb Code   116  stm32f1xx_hal_tim_ex.o(i.HAL_TIMEx_ConfigBreakDeadTime)
    HAL_TIMEx_MasterConfigSynchronization    0x08002b29   Thumb Code   134  stm32f1xx_hal_tim_ex.o(i.HAL_TIMEx_MasterConfigSynchronization)
    HAL_TIM_Base_Init                        0x08002bc5   Thumb Code   102  stm32f1xx_hal_tim.o(i.HAL_TIM_Base_Init)
    HAL_TIM_Base_MspInit                     0x08002c2d   Thumb Code   204  tim.o(i.HAL_TIM_Base_MspInit)
    HAL_TIM_Base_Start                       0x08002d11   Thumb Code   110  stm32f1xx_hal_tim.o(i.HAL_TIM_Base_Start)
    HAL_TIM_Base_Start_IT                    0x08002d95   Thumb Code   122  stm32f1xx_hal_tim.o(i.HAL_TIM_Base_Start_IT)
    HAL_TIM_Base_Stop                        0x08002e25   Thumb Code    50  stm32f1xx_hal_tim.o(i.HAL_TIM_Base_Stop)
    HAL_TIM_ConfigClockSource                0x08002e57   Thumb Code   268  stm32f1xx_hal_tim.o(i.HAL_TIM_ConfigClockSource)
    HAL_TIM_Encoder_Init                     0x08002f63   Thumb Code   196  stm32f1xx_hal_tim.o(i.HAL_TIM_Encoder_Init)
    HAL_TIM_Encoder_MspInit                  0x08003029   Thumb Code   100  tim.o(i.HAL_TIM_Encoder_MspInit)
    HAL_TIM_Encoder_Start                    0x08003095   Thumb Code   204  stm32f1xx_hal_tim.o(i.HAL_TIM_Encoder_Start)
    HAL_TIM_IC_CaptureCallback               0x08003161   Thumb Code     2  stm32f1xx_hal_tim.o(i.HAL_TIM_IC_CaptureCallback)
    HAL_TIM_IRQHandler                       0x08003163   Thumb Code   364  stm32f1xx_hal_tim.o(i.HAL_TIM_IRQHandler)
    HAL_TIM_MspPostInit                      0x080032d1   Thumb Code   210  tim.o(i.HAL_TIM_MspPostInit)
    HAL_TIM_OC_DelayElapsedCallback          0x080033c5   Thumb Code     2  stm32f1xx_hal_tim.o(i.HAL_TIM_OC_DelayElapsedCallback)
    HAL_TIM_PWM_ConfigChannel                0x080033c7   Thumb Code   260  stm32f1xx_hal_tim.o(i.HAL_TIM_PWM_ConfigChannel)
    HAL_TIM_PWM_Init                         0x080034cb   Thumb Code   102  stm32f1xx_hal_tim.o(i.HAL_TIM_PWM_Init)
    HAL_TIM_PWM_MspInit                      0x08003531   Thumb Code     2  stm32f1xx_hal_tim.o(i.HAL_TIM_PWM_MspInit)
    HAL_TIM_PWM_PulseFinishedCallback        0x08003533   Thumb Code     2  stm32f1xx_hal_tim.o(i.HAL_TIM_PWM_PulseFinishedCallback)
    HAL_TIM_PWM_Start                        0x08003535   Thumb Code   222  stm32f1xx_hal_tim.o(i.HAL_TIM_PWM_Start)
    HAL_TIM_PeriodElapsedCallback            0x08003629   Thumb Code    18  main.o(i.HAL_TIM_PeriodElapsedCallback)
    HAL_TIM_TriggerCallback                  0x08003645   Thumb Code     2  stm32f1xx_hal_tim.o(i.HAL_TIM_TriggerCallback)
    HAL_UARTEx_RxEventCallback               0x08003647   Thumb Code     2  stm32f1xx_hal_uart.o(i.HAL_UARTEx_RxEventCallback)
    HAL_UART_ErrorCallback                   0x08003649   Thumb Code     2  stm32f1xx_hal_uart.o(i.HAL_UART_ErrorCallback)
    HAL_UART_IRQHandler                      0x0800364d   Thumb Code   736  stm32f1xx_hal_uart.o(i.HAL_UART_IRQHandler)
    HAL_UART_Init                            0x08003931   Thumb Code   118  stm32f1xx_hal_uart.o(i.HAL_UART_Init)
    HAL_UART_MspInit                         0x080039a9   Thumb Code   138  usart.o(i.HAL_UART_MspInit)
    HAL_UART_RxCpltCallback                  0x08003a41   Thumb Code     2  main.o(i.HAL_UART_RxCpltCallback)
    HAL_UART_Transmit                        0x08003a43   Thumb Code   190  stm32f1xx_hal_uart.o(i.HAL_UART_Transmit)
    HAL_UART_TxCpltCallback                  0x08003b01   Thumb Code     2  stm32f1xx_hal_uart.o(i.HAL_UART_TxCpltCallback)
    HardFault_Handler                        0x08003b03   Thumb Code     4  stm32f1xx_it.o(i.HardFault_Handler)
    MX_CAN_Init                              0x08003b09   Thumb Code    56  can.o(i.MX_CAN_Init)
    MX_GPIO_Init                             0x08003b49   Thumb Code   556  gpio.o(i.MX_GPIO_Init)
    MX_I2C1_Init                             0x08003d91   Thumb Code    48  i2c.o(i.MX_I2C1_Init)
    MX_TIM1_Init                             0x08003dcd   Thumb Code   254  tim.o(i.MX_TIM1_Init)
    MX_TIM2_Init                             0x08003ed5   Thumb Code   116  tim.o(i.MX_TIM2_Init)
    MX_TIM3_Init                             0x08003f4d   Thumb Code   154  tim.o(i.MX_TIM3_Init)
    MX_TIM4_Init                             0x08003ff1   Thumb Code   100  tim.o(i.MX_TIM4_Init)
    MX_TIM6_Init                             0x0800405d   Thumb Code    66  tim.o(i.MX_TIM6_Init)
    MX_TIM8_Init                             0x080040a9   Thumb Code   254  tim.o(i.MX_TIM8_Init)
    MX_USART1_UART_Init                      0x080041b1   Thumb Code    46  usart.o(i.MX_USART1_UART_Init)
    MemManage_Handler                        0x080041e9   Thumb Code     4  stm32f1xx_it.o(i.MemManage_Handler)
    NMI_Handler                              0x080041ed   Thumb Code     4  stm32f1xx_it.o(i.NMI_Handler)
    PendSV_Handler                           0x080041f1   Thumb Code     2  stm32f1xx_it.o(i.PendSV_Handler)
    SVC_Handler                              0x080041f3   Thumb Code     2  stm32f1xx_it.o(i.SVC_Handler)
    SysTick_Handler                          0x080041f5   Thumb Code     8  stm32f1xx_it.o(i.SysTick_Handler)
    SystemInit                               0x080041fd   Thumb Code     2  system_stm32f1xx.o(i.SystemInit)
    TIM4_IRQHandler                          0x08004201   Thumb Code    10  stm32f1xx_it.o(i.TIM4_IRQHandler)
    TIM_Base_SetConfig                       0x08004211   Thumb Code   150  stm32f1xx_hal_tim.o(i.TIM_Base_SetConfig)
    TIM_CCxChannelCmd                        0x080042bd   Thumb Code    34  stm32f1xx_hal_tim.o(i.TIM_CCxChannelCmd)
    TIM_ETR_SetConfig                        0x080042df   Thumb Code    22  stm32f1xx_hal_tim.o(i.TIM_ETR_SetConfig)
    TIM_OC2_SetConfig                        0x080042f5   Thumb Code   114  stm32f1xx_hal_tim.o(i.TIM_OC2_SetConfig)
    USART1_IRQHandler                        0x08004371   Thumb Code    10  stm32f1xx_it.o(i.USART1_IRQHandler)
    UsageFault_Handler                       0x08004381   Thumb Code     4  stm32f1xx_it.o(i.UsageFault_Handler)
    PID_Update(PID_Controller*, float, float, float, float, float) 0x08004385   Thumb Code   156  brushed_motor.o(i._Z10PID_UpdateP14PID_Controllerfffff)
    PS2_Scanning(JOYSTICK_TypeDef*)          0x08004431   Thumb Code    84  ps2_joystick.o(i._Z12PS2_ScanningP16JOYSTICK_TypeDef)
    Motor_Control(char, float, float, float, float, float) 0x0800448d   Thumb Code    86  brushed_motor.o(i._Z13Motor_Controlcfffff)
    Reset_turning(short*)                    0x080044f1   Thumb Code   134  chassis.o(i._Z13Reset_turningPs)
    Self_Rotation(short*)                    0x08004585   Thumb Code   142  chassis.o(i._Z13Self_RotationPs)
    float_to_uint(float, float, float, int)  0x08004629   Thumb Code    70  dm_motor.o(i._Z13float_to_uintfffi)
    DM_Motor_Enable(unsigned short)          0x08004671   Thumb Code    30  dm_motor.o(i._Z15DM_Motor_Enablet)
    Set_Motor_Speed(short, char)             0x080046a1   Thumb Code   400  brushed_motor.o(i._Z15Set_Motor_Speedsc)
    Set_Servo_Angle(short, char)             0x0800483d   Thumb Code   332  servo.o(i._Z15Set_Servo_Anglesc)
    joy_to_velocity(unsigned char)           0x080049a5   Thumb Code   100  dm_motor.o(i._Z15joy_to_velocityh)
    DM_Motor_MIT_Ctrl(unsigned short, float, float, float, float, float) 0x08004a0d   Thumb Code   190  dm_motor.o(i._Z17DM_Motor_MIT_Ctrltfffff)
    Go_Ahead_Velocity(unsigned char)         0x08004af5   Thumb Code   150  chassis.o(i._Z17Go_Ahead_Velocityh)
    SystemClock_Config()                     0x08004b91   Thumb Code   102  main.o(i._Z18SystemClock_Configv)
    send_16bitsfloat_data(float)             0x08004bf9   Thumb Code    52  serial_port.o(i._Z21send_16bitsfloat_dataf)
    CS_H()                                   0x08004c39   Thumb Code    14  ps2_joystick.o(i._Z4CS_Hv)
    CS_L()                                   0x08004c4d   Thumb Code    16  ps2_joystick.o(i._Z4CS_Lv)
    CLK_H()                                  0x08004c61   Thumb Code    14  ps2_joystick.o(i._Z5CLK_Hv)
    CLK_L()                                  0x08004c75   Thumb Code    16  ps2_joystick.o(i._Z5CLK_Lv)
    CMD_H()                                  0x08004c89   Thumb Code    14  ps2_joystick.o(i._Z5CMD_Hv)
    CMD_L()                                  0x08004c9d   Thumb Code    16  ps2_joystick.o(i._Z5CMD_Lv)
    Delay_us(unsigned)                       0x08004cb1   Thumb Code    38  ps2_joystick.o(i._Z8Delay_usj)
    __ARM_fpclassify                         0x080052b5   Thumb Code    40  fpclassify.o(i.__ARM_fpclassify)
    _is_digit                                0x080052dd   Thumb Code    14  __printf_wp.o(i._is_digit)
    main                                     0x080052ed   Thumb Code   482  main.o(i.main)
    _get_lc_numeric                          0x080054f9   Thumb Code    44  lc_numeric_c.o(locale$$code)
    __aeabi_d2f                              0x08005525   Thumb Code     0  d2f.o(x$fpl$d2f)
    _d2f                                     0x08005525   Thumb Code    98  d2f.o(x$fpl$d2f)
    __aeabi_ddiv                             0x08005589   Thumb Code     0  ddiv.o(x$fpl$ddiv)
    _ddiv                                    0x08005589   Thumb Code   552  ddiv.o(x$fpl$ddiv)
    __aeabi_i2d                              0x08005839   Thumb Code     0  dflt_clz.o(x$fpl$dflt)
    _dflt                                    0x08005839   Thumb Code    46  dflt_clz.o(x$fpl$dflt)
    __fpl_dnaninf                            0x08005867   Thumb Code   156  dnaninf.o(x$fpl$dnaninf)
    __fpl_dretinf                            0x08005903   Thumb Code    12  dretinf.o(x$fpl$dretinf)
    __aeabi_f2d                              0x08005911   Thumb Code     0  f2d.o(x$fpl$f2d)
    _f2d                                     0x08005911   Thumb Code    86  f2d.o(x$fpl$f2d)
    __aeabi_fadd                             0x08005969   Thumb Code     0  faddsub_clz.o(x$fpl$fadd)
    _fadd                                    0x08005969   Thumb Code   196  faddsub_clz.o(x$fpl$fadd)
    __fpl_fcmp_Inf                           0x08005a2d   Thumb Code    24  fcmpi.o(x$fpl$fcmpinf)
    __aeabi_fdiv                             0x08005a45   Thumb Code     0  fdiv.o(x$fpl$fdiv)
    _fdiv                                    0x08005a45   Thumb Code   384  fdiv.o(x$fpl$fdiv)
    __aeabi_f2iz                             0x08005bc9   Thumb Code     0  ffix.o(x$fpl$ffix)
    _ffix                                    0x08005bc9   Thumb Code    54  ffix.o(x$fpl$ffix)
    __aeabi_f2uiz                            0x08005c01   Thumb Code     0  ffixu.o(x$fpl$ffixu)
    _ffixu                                   0x08005c01   Thumb Code    62  ffixu.o(x$fpl$ffixu)
    __aeabi_i2f                              0x08005c41   Thumb Code     0  fflt_clz.o(x$fpl$fflt)
    _fflt                                    0x08005c41   Thumb Code    48  fflt_clz.o(x$fpl$fflt)
    __aeabi_cfcmple                          0x08005c71   Thumb Code     0  fleqf.o(x$fpl$fleqf)
    _fcmple                                  0x08005c71   Thumb Code   104  fleqf.o(x$fpl$fleqf)
    __fpl_fcmple_InfNaN                      0x08005cc3   Thumb Code     0  fleqf.o(x$fpl$fleqf)
    __aeabi_fmul                             0x08005cd9   Thumb Code     0  fmul.o(x$fpl$fmul)
    _fmul                                    0x08005cd9   Thumb Code   258  fmul.o(x$fpl$fmul)
    __fpl_fnaninf                            0x08005ddb   Thumb Code   140  fnaninf.o(x$fpl$fnaninf)
    __fpl_fretinf                            0x08005e67   Thumb Code    10  fretinf.o(x$fpl$fretinf)
    __aeabi_cfrcmple                         0x08005e71   Thumb Code     0  frleqf.o(x$fpl$frleqf)
    _frcmple                                 0x08005e71   Thumb Code    98  frleqf.o(x$fpl$frleqf)
    __aeabi_frsub                            0x08005ed3   Thumb Code     0  faddsub_clz.o(x$fpl$frsb)
    _frsb                                    0x08005ed3   Thumb Code    20  faddsub_clz.o(x$fpl$frsb)
    __aeabi_fsub                             0x08005ee9   Thumb Code     0  faddsub_clz.o(x$fpl$fsub)
    _fsub                                    0x08005ee9   Thumb Code   234  faddsub_clz.o(x$fpl$fsub)
    _printf_fp_dec                           0x08005fd3   Thumb Code     4  printf1.o(x$fpl$printf1)
    __I$use$fp                               0x08005fd6   Number         0  usenofp.o(x$fpl$usenofp)
    AHBPrescTable                            0x08005fe8   Data          16  system_stm32f1xx.o(.constdata)
    APBPrescTable                            0x08005ff8   Data           8  system_stm32f1xx.o(.constdata)
    Region$$Table$$Base                      0x080060a0   Number         0  anon$$obj.o(Region$$Table)
    Region$$Table$$Limit                     0x080060c0   Number         0  anon$$obj.o(Region$$Table)
    encoder_count                            0x20000000   Data           8  main.o(.data)
    time_ms                                  0x20000008   Data           4  main.o(.data)
    DM_motor_rad                             0x2000000c   Data           4  main.o(.data)
    key_num                                  0x20000010   Data           1  main.o(.data)
    motion_num                               0x20000011   Data           1  main.o(.data)
    main_joy                                 0x20000012   Data           7  main.o(.data)
    uwTick                                   0x2000001c   Data           4  stm32f1xx_hal.o(.data)
    uwTickPrio                               0x20000020   Data           4  stm32f1xx_hal.o(.data)
    uwTickFreq                               0x20000024   Data           1  stm32f1xx_hal.o(.data)
    SystemCoreClock                          0x20000028   Data           4  system_stm32f1xx.o(.data)
    Standard_Type                            0x2000002c   Data           1  dm_motor.o(.data)
    data_len                                 0x2000002d   Data           1  dm_motor.o(.data)
    data_v_len                               0x2000002e   Data           1  dm_motor.o(.data)
    hcan                                     0x20000030   Data          40  can.o(.bss)
    hi2c1                                    0x20000058   Data          84  i2c.o(.bss)
    htim1                                    0x200000ac   Data          72  tim.o(.bss)
    htim2                                    0x200000f4   Data          72  tim.o(.bss)
    htim3                                    0x2000013c   Data          72  tim.o(.bss)
    htim4                                    0x20000184   Data          72  tim.o(.bss)
    htim6                                    0x200001cc   Data          72  tim.o(.bss)
    htim8                                    0x20000214   Data          72  tim.o(.bss)
    huart1                                   0x2000025c   Data          72  usart.o(.bss)
    pid                                      0x200002a4   Data          24  brushed_motor.o(.bss)
    PS2_data                                 0x200002bc   Data           9  ps2_joystick.o(.bss)
    __libspace_start                         0x200002c8   Data          96  libspace.o(.bss)
    __temporary_stack_top$libspace           0x20000328   Data           0  libspace.o(.bss)



==============================================================================

Memory Map of the image

  Image Entry point : 0x08000131

  Load Region LR_IROM1 (Base: 0x08000000, Size: 0x0000610c, Max: 0x00080000, ABSOLUTE)

    Execution Region ER_IROM1 (Exec base: 0x08000000, Load base: 0x08000000, Size: 0x000060dc, Max: 0x00080000, ABSOLUTE)

    Exec Addr    Load Addr    Size         Type   Attr      Idx    E Section Name        Object

    0x08000000   0x08000000   0x00000130   Data   RO            3    RESET               startup_stm32f103xe.o
    0x08000130   0x08000130   0x00000008   Code   RO         4802  * !!!main             c_w.l(__main.o)
    0x08000138   0x08000138   0x00000034   Code   RO         5074    !!!scatter          c_w.l(__scatter.o)
    0x0800016c   0x0800016c   0x0000001a   Code   RO         5076    !!handler_copy      c_w.l(__scatter_copy.o)
    0x08000186   0x08000186   0x00000002   PAD
    0x08000188   0x08000188   0x0000001c   Code   RO         5078    !!handler_zi        c_w.l(__scatter_zi.o)
    0x080001a4   0x080001a4   0x00000000   Code   RO         4793    .ARM.Collect$$_printf_percent$$00000000  c_w.l(_printf_percent.o)
    0x080001a4   0x080001a4   0x00000006   Code   RO         4792    .ARM.Collect$$_printf_percent$$00000003  c_w.l(_printf_f.o)
    0x080001aa   0x080001aa   0x00000004   Code   RO         4861    .ARM.Collect$$_printf_percent$$00000017  c_w.l(_printf_percent_end.o)
    0x080001ae   0x080001ae   0x00000002   Code   RO         4945    .ARM.Collect$$libinit$$00000000  c_w.l(libinit.o)
    0x080001b0   0x080001b0   0x00000000   Code   RO         4947    .ARM.Collect$$libinit$$00000002  c_w.l(libinit2.o)
    0x080001b0   0x080001b0   0x00000000   Code   RO         4949    .ARM.Collect$$libinit$$00000004  c_w.l(libinit2.o)
    0x080001b0   0x080001b0   0x00000000   Code   RO         4952    .ARM.Collect$$libinit$$0000000A  c_w.l(libinit2.o)
    0x080001b0   0x080001b0   0x00000000   Code   RO         4954    .ARM.Collect$$libinit$$0000000C  c_w.l(libinit2.o)
    0x080001b0   0x080001b0   0x00000000   Code   RO         4956    .ARM.Collect$$libinit$$0000000E  c_w.l(libinit2.o)
    0x080001b0   0x080001b0   0x00000006   Code   RO         4957    .ARM.Collect$$libinit$$0000000F  c_w.l(libinit2.o)
    0x080001b6   0x080001b6   0x00000000   Code   RO         4959    .ARM.Collect$$libinit$$00000011  c_w.l(libinit2.o)
    0x080001b6   0x080001b6   0x00000000   Code   RO         4961    .ARM.Collect$$libinit$$00000013  c_w.l(libinit2.o)
    0x080001b6   0x080001b6   0x00000000   Code   RO         4963    .ARM.Collect$$libinit$$00000015  c_w.l(libinit2.o)
    0x080001b6   0x080001b6   0x0000000a   Code   RO         4964    .ARM.Collect$$libinit$$00000016  c_w.l(libinit2.o)
    0x080001c0   0x080001c0   0x00000000   Code   RO         4965    .ARM.Collect$$libinit$$00000017  c_w.l(libinit2.o)
    0x080001c0   0x080001c0   0x00000000   Code   RO         4967    .ARM.Collect$$libinit$$00000019  c_w.l(libinit2.o)
    0x080001c0   0x080001c0   0x00000000   Code   RO         4969    .ARM.Collect$$libinit$$0000001B  c_w.l(libinit2.o)
    0x080001c0   0x080001c0   0x00000000   Code   RO         4971    .ARM.Collect$$libinit$$0000001D  c_w.l(libinit2.o)
    0x080001c0   0x080001c0   0x00000000   Code   RO         4973    .ARM.Collect$$libinit$$0000001F  c_w.l(libinit2.o)
    0x080001c0   0x080001c0   0x00000000   Code   RO         4975    .ARM.Collect$$libinit$$00000021  c_w.l(libinit2.o)
    0x080001c0   0x080001c0   0x00000000   Code   RO         4977    .ARM.Collect$$libinit$$00000023  c_w.l(libinit2.o)
    0x080001c0   0x080001c0   0x00000000   Code   RO         4979    .ARM.Collect$$libinit$$00000025  c_w.l(libinit2.o)
    0x080001c0   0x080001c0   0x00000000   Code   RO         4983    .ARM.Collect$$libinit$$0000002C  c_w.l(libinit2.o)
    0x080001c0   0x080001c0   0x00000000   Code   RO         4985    .ARM.Collect$$libinit$$0000002E  c_w.l(libinit2.o)
    0x080001c0   0x080001c0   0x00000000   Code   RO         4987    .ARM.Collect$$libinit$$00000030  c_w.l(libinit2.o)
    0x080001c0   0x080001c0   0x00000000   Code   RO         4989    .ARM.Collect$$libinit$$00000032  c_w.l(libinit2.o)
    0x080001c0   0x080001c0   0x00000002   Code   RO         4990    .ARM.Collect$$libinit$$00000033  c_w.l(libinit2.o)
    0x080001c2   0x080001c2   0x00000002   Code   RO         5020    .ARM.Collect$$libshutdown$$00000000  c_w.l(libshutdown.o)
    0x080001c4   0x080001c4   0x00000000   Code   RO         5031    .ARM.Collect$$libshutdown$$00000002  c_w.l(libshutdown2.o)
    0x080001c4   0x080001c4   0x00000000   Code   RO         5033    .ARM.Collect$$libshutdown$$00000004  c_w.l(libshutdown2.o)
    0x080001c4   0x080001c4   0x00000000   Code   RO         5035    .ARM.Collect$$libshutdown$$00000006  c_w.l(libshutdown2.o)
    0x080001c4   0x080001c4   0x00000000   Code   RO         5038    .ARM.Collect$$libshutdown$$00000009  c_w.l(libshutdown2.o)
    0x080001c4   0x080001c4   0x00000000   Code   RO         5041    .ARM.Collect$$libshutdown$$0000000C  c_w.l(libshutdown2.o)
    0x080001c4   0x080001c4   0x00000000   Code   RO         5043    .ARM.Collect$$libshutdown$$0000000E  c_w.l(libshutdown2.o)
    0x080001c4   0x080001c4   0x00000000   Code   RO         5046    .ARM.Collect$$libshutdown$$00000011  c_w.l(libshutdown2.o)
    0x080001c4   0x080001c4   0x00000002   Code   RO         5047    .ARM.Collect$$libshutdown$$00000012  c_w.l(libshutdown2.o)
    0x080001c6   0x080001c6   0x00000000   Code   RO         4852    .ARM.Collect$$rtentry$$00000000  c_w.l(__rtentry.o)
    0x080001c6   0x080001c6   0x00000000   Code   RO         4874    .ARM.Collect$$rtentry$$00000002  c_w.l(__rtentry2.o)
    0x080001c6   0x080001c6   0x00000006   Code   RO         4886    .ARM.Collect$$rtentry$$00000004  c_w.l(__rtentry4.o)
    0x080001cc   0x080001cc   0x00000000   Code   RO         4876    .ARM.Collect$$rtentry$$00000009  c_w.l(__rtentry2.o)
    0x080001cc   0x080001cc   0x00000004   Code   RO         4877    .ARM.Collect$$rtentry$$0000000A  c_w.l(__rtentry2.o)
    0x080001d0   0x080001d0   0x00000000   Code   RO         4879    .ARM.Collect$$rtentry$$0000000C  c_w.l(__rtentry2.o)
    0x080001d0   0x080001d0   0x00000008   Code   RO         4880    .ARM.Collect$$rtentry$$0000000D  c_w.l(__rtentry2.o)
    0x080001d8   0x080001d8   0x00000002   Code   RO         4991    .ARM.Collect$$rtexit$$00000000  c_w.l(rtexit.o)
    0x080001da   0x080001da   0x00000000   Code   RO         4998    .ARM.Collect$$rtexit$$00000002  c_w.l(rtexit2.o)
    0x080001da   0x080001da   0x00000004   Code   RO         4999    .ARM.Collect$$rtexit$$00000003  c_w.l(rtexit2.o)
    0x080001de   0x080001de   0x00000006   Code   RO         5000    .ARM.Collect$$rtexit$$00000004  c_w.l(rtexit2.o)
    0x080001e4   0x080001e4   0x00000040   Code   RO            4    .text               startup_stm32f103xe.o
    0x08000224   0x08000224   0x00000028   Code   RO         4765    .text               c_w.l(noretval__2sprintf.o)
    0x0800024c   0x0800024c   0x0000010e   Code   RO         4779    .text               c_w.l(__printf_wp.o)
    0x0800035a   0x0800035a   0x0000003e   Code   RO         4794    .text               c_w.l(strlen.o)
    0x08000398   0x08000398   0x0000004e   Code   RO         4798    .text               c_w.l(rt_memclr_w.o)
    0x080003e6   0x080003e6   0x00000006   Code   RO         4800    .text               c_w.l(heapauxi.o)
    0x080003ec   0x080003ec   0x0000041e   Code   RO         4855    .text               c_w.l(_printf_fp_dec.o)
    0x0800080a   0x0800080a   0x00000002   PAD
    0x0800080c   0x0800080c   0x00000030   Code   RO         4857    .text               c_w.l(_printf_char_common.o)
    0x0800083c   0x0800083c   0x0000000a   Code   RO         4859    .text               c_w.l(_sputc.o)
    0x08000846   0x08000846   0x00000002   PAD
    0x08000848   0x08000848   0x00000008   Code   RO         4891    .text               c_w.l(rt_locale_intlibspace.o)
    0x08000850   0x08000850   0x0000008a   Code   RO         4893    .text               c_w.l(lludiv10.o)
    0x080008da   0x080008da   0x00000002   PAD
    0x080008dc   0x080008dc   0x00000080   Code   RO         4895    .text               c_w.l(_printf_fp_infnan.o)
    0x0800095c   0x0800095c   0x000000e4   Code   RO         4899    .text               c_w.l(bigflt0.o)
    0x08000a40   0x08000a40   0x00000008   Code   RO         4931    .text               c_w.l(libspace.o)
    0x08000a48   0x08000a48   0x0000004a   Code   RO         4934    .text               c_w.l(sys_stackheap_outer.o)
    0x08000a92   0x08000a92   0x00000012   Code   RO         4936    .text               c_w.l(exit.o)
    0x08000aa4   0x08000aa4   0x00000080   Code   RO         4938    .text               c_w.l(strcmpv7m.o)
    0x08000b24   0x08000b24   0x0000000c   Code   RO         5010    .text               c_w.l(sys_exit.o)
    0x08000b30   0x08000b30   0x00000002   Code   RO         5021    .text               c_w.l(use_no_semi.o)
    0x08000b32   0x08000b32   0x00000000   Code   RO         5023    .text               c_w.l(indicate_semi.o)
    0x08000b32   0x08000b32   0x0000003e   Code   RO         4902    CL$$btod_d2e        c_w.l(btod.o)
    0x08000b70   0x08000b70   0x00000046   Code   RO         4904    CL$$btod_d2e_denorm_low  c_w.l(btod.o)
    0x08000bb6   0x08000bb6   0x00000060   Code   RO         4903    CL$$btod_d2e_norm_op1  c_w.l(btod.o)
    0x08000c16   0x08000c16   0x00000338   Code   RO         4912    CL$$btod_div_common  c_w.l(btod.o)
    0x08000f4e   0x08000f4e   0x000000dc   Code   RO         4909    CL$$btod_e2e        c_w.l(btod.o)
    0x0800102a   0x0800102a   0x0000002a   Code   RO         4906    CL$$btod_ediv       c_w.l(btod.o)
    0x08001054   0x08001054   0x0000002a   Code   RO         4905    CL$$btod_emul       c_w.l(btod.o)
    0x0800107e   0x0800107e   0x00000244   Code   RO         4911    CL$$btod_mult_common  c_w.l(btod.o)
    0x080012c2   0x080012c2   0x00000004   Code   RO          498    i.BusFault_Handler  stm32f1xx_it.o
    0x080012c6   0x080012c6   0x00000002   PAD
    0x080012c8   0x080012c8   0x00000050   Code   RO          248    i.Can_Init          can.o
    0x08001318   0x08001318   0x0000006c   Code   RO          249    i.Can_send_data     can.o
    0x08001384   0x08001384   0x00000002   Code   RO          499    i.DebugMon_Handler  stm32f1xx_it.o
    0x08001386   0x08001386   0x0000000a   Code   RO          500    i.EXTI0_IRQHandler  stm32f1xx_it.o
    0x08001390   0x08001390   0x0000000a   Code   RO          501    i.EXTI1_IRQHandler  stm32f1xx_it.o
    0x0800139a   0x0800139a   0x0000000a   Code   RO          502    i.EXTI2_IRQHandler  stm32f1xx_it.o
    0x080013a4   0x080013a4   0x0000000c   Code   RO          503    i.EXTI9_5_IRQHandler  stm32f1xx_it.o
    0x080013b0   0x080013b0   0x00000006   Code   RO           13    i.Error_Handler     main.o
    0x080013b6   0x080013b6   0x0000002a   Code   RO          690    i.HAL_CAN_ActivateNotification  stm32f1xx_hal_can.o
    0x080013e0   0x080013e0   0x0000014a   Code   RO          691    i.HAL_CAN_AddTxMessage  stm32f1xx_hal_can.o
    0x0800152a   0x0800152a   0x0000010a   Code   RO          692    i.HAL_CAN_ConfigFilter  stm32f1xx_hal_can.o
    0x08001634   0x08001634   0x00000036   Code   RO          700    i.HAL_CAN_GetTxMailboxesFreeLevel  stm32f1xx_hal_can.o
    0x0800166a   0x0800166a   0x00000174   Code   RO          703    i.HAL_CAN_Init      stm32f1xx_hal_can.o
    0x080017de   0x080017de   0x00000002   PAD
    0x080017e0   0x080017e0   0x00000088   Code   RO          251    i.HAL_CAN_MspInit   can.o
    0x08001868   0x08001868   0x0000005e   Code   RO          715    i.HAL_CAN_Start     stm32f1xx_hal_can.o
    0x080018c6   0x080018c6   0x00000056   Code   RO         1395    i.HAL_DMA_Abort     stm32f1xx_hal_dma.o
    0x0800191c   0x0800191c   0x000001a8   Code   RO         1396    i.HAL_DMA_Abort_IT  stm32f1xx_hal_dma.o
    0x08001ac4   0x08001ac4   0x00000028   Code   RO          966    i.HAL_Delay         stm32f1xx_hal.o
    0x08001aec   0x08001aec   0x00000178   Code   RO           14    i.HAL_GPIO_EXTI_Callback  main.o
    0x08001c64   0x08001c64   0x0000001c   Code   RO         1323    i.HAL_GPIO_EXTI_IRQHandler  stm32f1xx_hal_gpio.o
    0x08001c80   0x08001c80   0x00000340   Code   RO         1324    i.HAL_GPIO_Init     stm32f1xx_hal_gpio.o
    0x08001fc0   0x08001fc0   0x00000010   Code   RO         1326    i.HAL_GPIO_ReadPin  stm32f1xx_hal_gpio.o
    0x08001fd0   0x08001fd0   0x0000000c   Code   RO         1328    i.HAL_GPIO_WritePin  stm32f1xx_hal_gpio.o
    0x08001fdc   0x08001fdc   0x0000000c   Code   RO          970    i.HAL_GetTick       stm32f1xx_hal.o
    0x08001fe8   0x08001fe8   0x000001d0   Code   RO         2116    i.HAL_I2C_Init      stm32f1xx_hal_i2c.o
    0x080021b8   0x080021b8   0x00000074   Code   RO          308    i.HAL_I2C_MspInit   i2c.o
    0x0800222c   0x0800222c   0x00000018   Code   RO          976    i.HAL_IncTick       stm32f1xx_hal.o
    0x08002244   0x08002244   0x00000028   Code   RO          977    i.HAL_Init          stm32f1xx_hal.o
    0x0800226c   0x0800226c   0x0000004c   Code   RO          978    i.HAL_InitTick      stm32f1xx_hal.o
    0x080022b8   0x080022b8   0x00000054   Code   RO          625    i.HAL_MspInit       stm32f1xx_hal_msp.o
    0x0800230c   0x0800230c   0x00000020   Code   RO         1505    i.HAL_NVIC_EnableIRQ  stm32f1xx_hal_cortex.o
    0x0800232c   0x0800232c   0x0000007c   Code   RO         1511    i.HAL_NVIC_SetPriority  stm32f1xx_hal_cortex.o
    0x080023a8   0x080023a8   0x00000028   Code   RO         1512    i.HAL_NVIC_SetPriorityGrouping  stm32f1xx_hal_cortex.o
    0x080023d0   0x080023d0   0x0000018c   Code   RO         1159    i.HAL_RCC_ClockConfig  stm32f1xx_hal_rcc.o
    0x0800255c   0x0800255c   0x0000000c   Code   RO         1164    i.HAL_RCC_GetHCLKFreq  stm32f1xx_hal_rcc.o
    0x08002568   0x08002568   0x00000020   Code   RO         1166    i.HAL_RCC_GetPCLK1Freq  stm32f1xx_hal_rcc.o
    0x08002588   0x08002588   0x00000020   Code   RO         1167    i.HAL_RCC_GetPCLK2Freq  stm32f1xx_hal_rcc.o
    0x080025a8   0x080025a8   0x00000070   Code   RO         1168    i.HAL_RCC_GetSysClockFreq  stm32f1xx_hal_rcc.o
    0x08002618   0x08002618   0x00000464   Code   RO         1171    i.HAL_RCC_OscConfig  stm32f1xx_hal_rcc.o
    0x08002a7c   0x08002a7c   0x00000034   Code   RO         1516    i.HAL_SYSTICK_Config  stm32f1xx_hal_cortex.o
    0x08002ab0   0x08002ab0   0x00000002   Code   RO         3500    i.HAL_TIMEx_BreakCallback  stm32f1xx_hal_tim_ex.o
    0x08002ab2   0x08002ab2   0x00000002   Code   RO         3501    i.HAL_TIMEx_CommutCallback  stm32f1xx_hal_tim_ex.o
    0x08002ab4   0x08002ab4   0x00000074   Code   RO         3503    i.HAL_TIMEx_ConfigBreakDeadTime  stm32f1xx_hal_tim_ex.o
    0x08002b28   0x08002b28   0x0000009c   Code   RO         3519    i.HAL_TIMEx_MasterConfigSynchronization  stm32f1xx_hal_tim_ex.o
    0x08002bc4   0x08002bc4   0x00000066   Code   RO         2666    i.HAL_TIM_Base_Init  stm32f1xx_hal_tim.o
    0x08002c2a   0x08002c2a   0x00000002   PAD
    0x08002c2c   0x08002c2c   0x000000e4   Code   RO          353    i.HAL_TIM_Base_MspInit  tim.o
    0x08002d10   0x08002d10   0x00000084   Code   RO         2669    i.HAL_TIM_Base_Start  stm32f1xx_hal_tim.o
    0x08002d94   0x08002d94   0x00000090   Code   RO         2671    i.HAL_TIM_Base_Start_IT  stm32f1xx_hal_tim.o
    0x08002e24   0x08002e24   0x00000032   Code   RO         2672    i.HAL_TIM_Base_Stop  stm32f1xx_hal_tim.o
    0x08002e56   0x08002e56   0x0000010c   Code   RO         2675    i.HAL_TIM_ConfigClockSource  stm32f1xx_hal_tim.o
    0x08002f62   0x08002f62   0x000000c4   Code   RO         2687    i.HAL_TIM_Encoder_Init  stm32f1xx_hal_tim.o
    0x08003026   0x08003026   0x00000002   PAD
    0x08003028   0x08003028   0x0000006c   Code   RO          355    i.HAL_TIM_Encoder_MspInit  tim.o
    0x08003094   0x08003094   0x000000cc   Code   RO         2690    i.HAL_TIM_Encoder_Start  stm32f1xx_hal_tim.o
    0x08003160   0x08003160   0x00000002   Code   RO         2700    i.HAL_TIM_IC_CaptureCallback  stm32f1xx_hal_tim.o
    0x08003162   0x08003162   0x0000016c   Code   RO         2714    i.HAL_TIM_IRQHandler  stm32f1xx_hal_tim.o
    0x080032ce   0x080032ce   0x00000002   PAD
    0x080032d0   0x080032d0   0x000000f4   Code   RO          356    i.HAL_TIM_MspPostInit  tim.o
    0x080033c4   0x080033c4   0x00000002   Code   RO         2717    i.HAL_TIM_OC_DelayElapsedCallback  stm32f1xx_hal_tim.o
    0x080033c6   0x080033c6   0x00000104   Code   RO         2738    i.HAL_TIM_PWM_ConfigChannel  stm32f1xx_hal_tim.o
    0x080034ca   0x080034ca   0x00000066   Code   RO         2741    i.HAL_TIM_PWM_Init  stm32f1xx_hal_tim.o
    0x08003530   0x08003530   0x00000002   Code   RO         2743    i.HAL_TIM_PWM_MspInit  stm32f1xx_hal_tim.o
    0x08003532   0x08003532   0x00000002   Code   RO         2744    i.HAL_TIM_PWM_PulseFinishedCallback  stm32f1xx_hal_tim.o
    0x08003534   0x08003534   0x000000f4   Code   RO         2746    i.HAL_TIM_PWM_Start  stm32f1xx_hal_tim.o
    0x08003628   0x08003628   0x0000001c   Code   RO           15    i.HAL_TIM_PeriodElapsedCallback  main.o
    0x08003644   0x08003644   0x00000002   Code   RO         2757    i.HAL_TIM_TriggerCallback  stm32f1xx_hal_tim.o
    0x08003646   0x08003646   0x00000002   Code   RO         3821    i.HAL_UARTEx_RxEventCallback  stm32f1xx_hal_uart.o
    0x08003648   0x08003648   0x00000002   Code   RO         3835    i.HAL_UART_ErrorCallback  stm32f1xx_hal_uart.o
    0x0800364a   0x0800364a   0x00000002   PAD
    0x0800364c   0x0800364c   0x000002e4   Code   RO         3838    i.HAL_UART_IRQHandler  stm32f1xx_hal_uart.o
    0x08003930   0x08003930   0x00000076   Code   RO         3839    i.HAL_UART_Init     stm32f1xx_hal_uart.o
    0x080039a6   0x080039a6   0x00000002   PAD
    0x080039a8   0x080039a8   0x00000098   Code   RO          454    i.HAL_UART_MspInit  usart.o
    0x08003a40   0x08003a40   0x00000002   Code   RO           16    i.HAL_UART_RxCpltCallback  main.o
    0x08003a42   0x08003a42   0x000000be   Code   RO         3847    i.HAL_UART_Transmit  stm32f1xx_hal_uart.o
    0x08003b00   0x08003b00   0x00000002   Code   RO         3850    i.HAL_UART_TxCpltCallback  stm32f1xx_hal_uart.o
    0x08003b02   0x08003b02   0x00000004   Code   RO          504    i.HardFault_Handler  stm32f1xx_it.o
    0x08003b06   0x08003b06   0x00000002   PAD
    0x08003b08   0x08003b08   0x00000040   Code   RO          252    i.MX_CAN_Init       can.o
    0x08003b48   0x08003b48   0x00000248   Code   RO          223    i.MX_GPIO_Init      gpio.o
    0x08003d90   0x08003d90   0x0000003c   Code   RO          309    i.MX_I2C1_Init      i2c.o
    0x08003dcc   0x08003dcc   0x00000108   Code   RO          357    i.MX_TIM1_Init      tim.o
    0x08003ed4   0x08003ed4   0x00000078   Code   RO          358    i.MX_TIM2_Init      tim.o
    0x08003f4c   0x08003f4c   0x000000a4   Code   RO          359    i.MX_TIM3_Init      tim.o
    0x08003ff0   0x08003ff0   0x0000006c   Code   RO          360    i.MX_TIM4_Init      tim.o
    0x0800405c   0x0800405c   0x0000004c   Code   RO          361    i.MX_TIM6_Init      tim.o
    0x080040a8   0x080040a8   0x00000108   Code   RO          362    i.MX_TIM8_Init      tim.o
    0x080041b0   0x080041b0   0x00000038   Code   RO          455    i.MX_USART1_UART_Init  usart.o
    0x080041e8   0x080041e8   0x00000004   Code   RO          505    i.MemManage_Handler  stm32f1xx_it.o
    0x080041ec   0x080041ec   0x00000004   Code   RO          506    i.NMI_Handler       stm32f1xx_it.o
    0x080041f0   0x080041f0   0x00000002   Code   RO          507    i.PendSV_Handler    stm32f1xx_it.o
    0x080041f2   0x080041f2   0x00000002   Code   RO          508    i.SVC_Handler       stm32f1xx_it.o
    0x080041f4   0x080041f4   0x00000008   Code   RO          509    i.SysTick_Handler   stm32f1xx_it.o
    0x080041fc   0x080041fc   0x00000002   Code   RO         4245    i.SystemInit        system_stm32f1xx.o
    0x080041fe   0x080041fe   0x00000002   PAD
    0x08004200   0x08004200   0x00000010   Code   RO          510    i.TIM4_IRQHandler   stm32f1xx_it.o
    0x08004210   0x08004210   0x000000ac   Code   RO         2759    i.TIM_Base_SetConfig  stm32f1xx_hal_tim.o
    0x080042bc   0x080042bc   0x00000022   Code   RO         2760    i.TIM_CCxChannelCmd  stm32f1xx_hal_tim.o
    0x080042de   0x080042de   0x00000016   Code   RO         2765    i.TIM_ETR_SetConfig  stm32f1xx_hal_tim.o
    0x080042f4   0x080042f4   0x0000007c   Code   RO         2766    i.TIM_OC2_SetConfig  stm32f1xx_hal_tim.o
    0x08004370   0x08004370   0x00000010   Code   RO          511    i.USART1_IRQHandler  stm32f1xx_it.o
    0x08004380   0x08004380   0x00000004   Code   RO          512    i.UsageFault_Handler  stm32f1xx_it.o
    0x08004384   0x08004384   0x000000ac   Code   RO         4283    i._Z10PID_UpdateP14PID_Controllerfffff  brushed_motor.o
    0x08004430   0x08004430   0x0000005c   Code   RO         4612    i._Z12PS2_ScanningP16JOYSTICK_TypeDef  ps2_joystick.o
    0x0800448c   0x0800448c   0x00000064   Code   RO         4284    i._Z13Motor_Controlcfffff  brushed_motor.o
    0x080044f0   0x080044f0   0x00000094   Code   RO         4706    i._Z13Reset_turningPs  chassis.o
    0x08004584   0x08004584   0x000000a4   Code   RO         4707    i._Z13Self_RotationPs  chassis.o
    0x08004628   0x08004628   0x00000046   Code   RO         4405    i._Z13float_to_uintfffi  dm_motor.o
    0x0800466e   0x0800466e   0x00000002   PAD
    0x08004670   0x08004670   0x00000030   Code   RO         4406    i._Z15DM_Motor_Enablet  dm_motor.o
    0x080046a0   0x080046a0   0x0000019c   Code   RO         4285    i._Z15Set_Motor_Speedsc  brushed_motor.o
    0x0800483c   0x0800483c   0x00000168   Code   RO         4478    i._Z15Set_Servo_Anglesc  servo.o
    0x080049a4   0x080049a4   0x00000068   Code   RO         4408    i._Z15joy_to_velocityh  dm_motor.o
    0x08004a0c   0x08004a0c   0x000000e8   Code   RO         4409    i._Z17DM_Motor_MIT_Ctrltfffff  dm_motor.o
    0x08004af4   0x08004af4   0x0000009c   Code   RO         4710    i._Z17Go_Ahead_Velocityh  chassis.o
    0x08004b90   0x08004b90   0x00000066   Code   RO           17    i._Z18SystemClock_Configv  main.o
    0x08004bf6   0x08004bf6   0x00000002   PAD
    0x08004bf8   0x08004bf8   0x00000040   Code   RO         4344    i._Z21send_16bitsfloat_dataf  serial_port.o
    0x08004c38   0x08004c38   0x00000014   Code   RO         4614    i._Z4CS_Hv          ps2_joystick.o
    0x08004c4c   0x08004c4c   0x00000014   Code   RO         4615    i._Z4CS_Lv          ps2_joystick.o
    0x08004c60   0x08004c60   0x00000014   Code   RO         4616    i._Z5CLK_Hv         ps2_joystick.o
    0x08004c74   0x08004c74   0x00000014   Code   RO         4617    i._Z5CLK_Lv         ps2_joystick.o
    0x08004c88   0x08004c88   0x00000014   Code   RO         4618    i._Z5CMD_Hv         ps2_joystick.o
    0x08004c9c   0x08004c9c   0x00000014   Code   RO         4619    i._Z5CMD_Lv         ps2_joystick.o
    0x08004cb0   0x08004cb0   0x0000002c   Code   RO         4620    i._Z8Delay_usj      ps2_joystick.o
    0x08004cdc   0x08004cdc   0x00000058   Code   RO         4621    i._ZN36_INTERNAL_14_PS2_JoyStick_c_PS2_data16PS2_ReadAndWriteEh  ps2_joystick.o
    0x08004d34   0x08004d34   0x00000028   Code   RO         1172    i._ZN41_INTERNAL_19_stm32f1xx_hal_rcc_c_b7071a4b9RCC_DelayEj  stm32f1xx_hal_rcc.o
    0x08004d5c   0x08004d5c   0x00000070   Code   RO         2768    i._ZN41_INTERNAL_19_stm32f1xx_hal_tim_c_a9d95b5217TIM_OC1_SetConfigEP11TIM_TypeDefPK18TIM_OC_InitTypeDef  stm32f1xx_hal_tim.o
    0x08004dcc   0x08004dcc   0x00000078   Code   RO         2769    i._ZN41_INTERNAL_19_stm32f1xx_hal_tim_c_a9d95b5217TIM_OC3_SetConfigEP11TIM_TypeDefPK18TIM_OC_InitTypeDef  stm32f1xx_hal_tim.o
    0x08004e44   0x08004e44   0x00000054   Code   RO         2770    i._ZN41_INTERNAL_19_stm32f1xx_hal_tim_c_a9d95b5217TIM_OC4_SetConfigEP11TIM_TypeDefPK18TIM_OC_InitTypeDef  stm32f1xx_hal_tim.o
    0x08004e98   0x08004e98   0x00000012   Code   RO         2775    i._ZN41_INTERNAL_19_stm32f1xx_hal_tim_c_a9d95b5218TIM_ITRx_SetConfigEP11TIM_TypeDefj  stm32f1xx_hal_tim.o
    0x08004eaa   0x08004eaa   0x00000026   Code   RO         2780    i._ZN41_INTERNAL_19_stm32f1xx_hal_tim_c_a9d95b5224TIM_TI1_ConfigInputStageEP11TIM_TypeDefjj  stm32f1xx_hal_tim.o
    0x08004ed0   0x08004ed0   0x00000028   Code   RO         2781    i._ZN41_INTERNAL_19_stm32f1xx_hal_tim_c_a9d95b5224TIM_TI2_ConfigInputStageEP11TIM_TypeDefjj  stm32f1xx_hal_tim.o
    0x08004ef8   0x08004ef8   0x000000fc   Code   RO         3855    i._ZN42_INTERNAL_20_stm32f1xx_hal_uart_c_d497114f14UART_SetConfigEP20__UART_HandleTypeDef  stm32f1xx_hal_uart.o
    0x08004ff4   0x08004ff4   0x000000fc   Code   RO         3856    i._ZN42_INTERNAL_20_stm32f1xx_hal_uart_c_d497114f15UART_Receive_ITEP20__UART_HandleTypeDef  stm32f1xx_hal_uart.o
    0x080050f0   0x080050f0   0x00000060   Code   RO         3857    i._ZN42_INTERNAL_20_stm32f1xx_hal_uart_c_d497114f16UART_Transmit_ITEP20__UART_HandleTypeDef  stm32f1xx_hal_uart.o
    0x08005150   0x08005150   0x0000006c   Code   RO         3860    i._ZN42_INTERNAL_20_stm32f1xx_hal_uart_c_d497114f18UART_EndRxTransferEP20__UART_HandleTypeDef  stm32f1xx_hal_uart.o
    0x080051bc   0x080051bc   0x00000020   Code   RO         3863    i._ZN42_INTERNAL_20_stm32f1xx_hal_uart_c_d497114f19UART_EndTransmit_ITEP20__UART_HandleTypeDef  stm32f1xx_hal_uart.o
    0x080051dc   0x080051dc   0x00000014   Code   RO         3864    i._ZN42_INTERNAL_20_stm32f1xx_hal_uart_c_d497114f20UART_DMAAbortOnErrorEP19__DMA_HandleTypeDef  stm32f1xx_hal_uart.o
    0x080051f0   0x080051f0   0x0000008c   Code   RO         3870    i._ZN42_INTERNAL_20_stm32f1xx_hal_uart_c_d497114f27UART_WaitOnFlagUntilTimeoutEP20__UART_HandleTypeDefj10FlagStatusjj  stm32f1xx_hal_uart.o
    0x0800527c   0x0800527c   0x00000028   Code   RO         1518    i._ZN44_INTERNAL_22_stm32f1xx_hal_cortex_c_2992dbc018__NVIC_SetPriorityE9IRQn_Typej  stm32f1xx_hal_cortex.o
    0x080052a4   0x080052a4   0x00000010   Code   RO         1519    i._ZN44_INTERNAL_22_stm32f1xx_hal_cortex_c_2992dbc026__NVIC_GetPriorityGroupingEv  stm32f1xx_hal_cortex.o
    0x080052b4   0x080052b4   0x00000028   Code   RO         4929    i.__ARM_fpclassify  m_ws.l(fpclassify.o)
    0x080052dc   0x080052dc   0x0000000e   Code   RO         4781    i._is_digit         c_w.l(__printf_wp.o)
    0x080052ea   0x080052ea   0x00000002   PAD
    0x080052ec   0x080052ec   0x0000020c   Code   RO           18    i.main              main.o
    0x080054f8   0x080054f8   0x0000002c   Code   RO         4925    locale$$code        c_w.l(lc_numeric_c.o)
    0x08005524   0x08005524   0x00000062   Code   RO         4804    x$fpl$d2f           fz_ws.l(d2f.o)
    0x08005586   0x08005586   0x00000002   PAD
    0x08005588   0x08005588   0x000002b0   Code   RO         4807    x$fpl$ddiv          fz_ws.l(ddiv.o)
    0x08005838   0x08005838   0x0000002e   Code   RO         4811    x$fpl$dflt          fz_ws.l(dflt_clz.o)
    0x08005866   0x08005866   0x0000009c   Code   RO         4862    x$fpl$dnaninf       fz_ws.l(dnaninf.o)
    0x08005902   0x08005902   0x0000000c   Code   RO         4864    x$fpl$dretinf       fz_ws.l(dretinf.o)
    0x0800590e   0x0800590e   0x00000002   PAD
    0x08005910   0x08005910   0x00000056   Code   RO         4818    x$fpl$f2d           fz_ws.l(f2d.o)
    0x08005966   0x08005966   0x00000002   PAD
    0x08005968   0x08005968   0x000000c4   Code   RO         4820    x$fpl$fadd          fz_ws.l(faddsub_clz.o)
    0x08005a2c   0x08005a2c   0x00000018   Code   RO         4866    x$fpl$fcmpinf       fz_ws.l(fcmpi.o)
    0x08005a44   0x08005a44   0x00000184   Code   RO         4827    x$fpl$fdiv          fz_ws.l(fdiv.o)
    0x08005bc8   0x08005bc8   0x00000036   Code   RO         4830    x$fpl$ffix          fz_ws.l(ffix.o)
    0x08005bfe   0x08005bfe   0x00000002   PAD
    0x08005c00   0x08005c00   0x0000003e   Code   RO         4834    x$fpl$ffixu         fz_ws.l(ffixu.o)
    0x08005c3e   0x08005c3e   0x00000002   PAD
    0x08005c40   0x08005c40   0x00000030   Code   RO         4839    x$fpl$fflt          fz_ws.l(fflt_clz.o)
    0x08005c70   0x08005c70   0x00000068   Code   RO         4844    x$fpl$fleqf         fz_ws.l(fleqf.o)
    0x08005cd8   0x08005cd8   0x00000102   Code   RO         4846    x$fpl$fmul          fz_ws.l(fmul.o)
    0x08005dda   0x08005dda   0x0000008c   Code   RO         4868    x$fpl$fnaninf       fz_ws.l(fnaninf.o)
    0x08005e66   0x08005e66   0x0000000a   Code   RO         4870    x$fpl$fretinf       fz_ws.l(fretinf.o)
    0x08005e70   0x08005e70   0x00000062   Code   RO         4848    x$fpl$frleqf        fz_ws.l(frleqf.o)
    0x08005ed2   0x08005ed2   0x00000014   Code   RO         4821    x$fpl$frsb          fz_ws.l(faddsub_clz.o)
    0x08005ee6   0x08005ee6   0x00000002   PAD
    0x08005ee8   0x08005ee8   0x000000ea   Code   RO         4822    x$fpl$fsub          fz_ws.l(faddsub_clz.o)
    0x08005fd2   0x08005fd2   0x00000004   Code   RO         4850    x$fpl$printf1       fz_ws.l(printf1.o)
    0x08005fd6   0x08005fd6   0x00000000   Code   RO         4872    x$fpl$usenofp       fz_ws.l(usenofp.o)
    0x08005fd6   0x08005fd6   0x00000012   Data   RO         1188    .constdata          stm32f1xx_hal_rcc.o
    0x08005fe8   0x08005fe8   0x00000018   Data   RO         4248    .constdata          system_stm32f1xx.o
    0x08006000   0x08006000   0x00000009   Data   RO         4633    .constdata          ps2_joystick.o
    0x08006009   0x08006009   0x00000003   PAD
    0x0800600c   0x0800600c   0x00000094   Data   RO         4900    .constdata          c_w.l(bigflt0.o)
    0x080060a0   0x080060a0   0x00000020   Data   RO         5072    Region$$Table       anon$$obj.o
    0x080060c0   0x080060c0   0x0000001c   Data   RO         4924    locale$$data        c_w.l(lc_numeric_c.o)


    Execution Region RW_IRAM1 (Exec base: 0x20000000, Load base: 0x080060dc, Size: 0x00000928, Max: 0x00010000, ABSOLUTE)

    Exec Addr    Load Addr    Size         Type   Attr      Idx    E Section Name        Object

    0x20000000   0x080060dc   0x00000019   Data   RW           25    .data               main.o
    0x20000019   0x080060f5   0x00000003   PAD
    0x2000001c   0x080060f8   0x00000009   Data   RW         1009    .data               stm32f1xx_hal.o
    0x20000025   0x08006101   0x00000003   PAD
    0x20000028   0x08006104   0x00000004   Data   RW         4249    .data               system_stm32f1xx.o
    0x2000002c   0x08006108   0x00000003   Data   RW         4419    .data               dm_motor.o
    0x2000002f   0x0800610b   0x00000001   PAD
    0x20000030        -       0x00000028   Zero   RW          258    .bss                can.o
    0x20000058        -       0x00000054   Zero   RW          313    .bss                i2c.o
    0x200000ac        -       0x000001b0   Zero   RW          374    .bss                tim.o
    0x2000025c        -       0x00000048   Zero   RW          459    .bss                usart.o
    0x200002a4        -       0x00000018   Zero   RW         4291    .bss                brushed_motor.o
    0x200002bc        -       0x00000009   Zero   RW         4632    .bss                ps2_joystick.o
    0x200002c5   0x0800610b   0x00000003   PAD
    0x200002c8        -       0x00000060   Zero   RW         4932    .bss                c_w.l(libspace.o)
    0x20000328        -       0x00000200   Zero   RW            2    HEAP                startup_stm32f103xe.o
    0x20000528        -       0x00000400   Zero   RW            1    STACK               startup_stm32f103xe.o


==============================================================================

Image component sizes


      Code (inc. data)   RO Data    RW Data    ZI Data      Debug   Object Name

       684         42          0          0         24       3713   brushed_motor.o
       388         32          0          0         40       3270   can.o
       468         42          0          0          0       2108   chassis.o
       454         64          0          3          0       3364   dm_motor.o
       584         28          0          0          0       1347   gpio.o
       176         24          0          0         84       1745   i2c.o
      1038         64          0         25          0     510180   main.o
       344         50          9          0          9       5819   ps2_joystick.o
        64         12          0          0          0        628   serial_port.o
       360         28          0          0          0       1118   servo.o
        64         26        304          0       1536        840   startup_stm32f103xe.o
       192         36          0          9          0       6757   stm32f1xx_hal.o
      1158          0          0          0          0       5710   stm32f1xx_hal_can.o
       304         22          0          0          0      29623   stm32f1xx_hal_cortex.o
       510         10          0          0          0       2003   stm32f1xx_hal_dma.o
       888         44          0          0          0       4106   stm32f1xx_hal_gpio.o
       464         18          0          0          0       2207   stm32f1xx_hal_i2c.o
        84          8          0          0          0        978   stm32f1xx_hal_msp.o
      1748         98         18          0          0       6224   stm32f1xx_hal_rcc.o
      2840        124          0          0          0      19916   stm32f1xx_hal_tim.o
       276         22          0          0          0       3397   stm32f1xx_hal_tim_ex.o
      1954          8          0          0          0      10982   stm32f1xx_hal_uart.o
       108         12          0          0          0       7122   stm32f1xx_it.o
         2          0         24          4          0       1231   system_stm32f1xx.o
      1576        118          0          0        432       7115   tim.o
       208         24          0          0         72       1798   usart.o

    ----------------------------------------------------------------------
     16958        956        390         48       2200     643301   Object Totals
         0          0         32          0          0          0   (incl. Generated)
        22          0          3          7          3          0   (incl. Padding)

    ----------------------------------------------------------------------

      Code (inc. data)   RO Data    RW Data    ZI Data      Debug   Library Member Name

         8          0          0          0          0         68   __main.o
       284          0          0          0          0        156   __printf_wp.o
         0          0          0          0          0          0   __rtentry.o
        12          0          0          0          0          0   __rtentry2.o
         6          0          0          0          0          0   __rtentry4.o
        52          8          0          0          0          0   __scatter.o
        26          0          0          0          0          0   __scatter_copy.o
        28          0          0          0          0          0   __scatter_zi.o
        48          6          0          0          0         96   _printf_char_common.o
         6          0          0          0          0          0   _printf_f.o
      1054          0          0          0          0        216   _printf_fp_dec.o
       128         16          0          0          0         84   _printf_fp_infnan.o
         0          0          0          0          0          0   _printf_percent.o
         4          0          0          0          0          0   _printf_percent_end.o
        10          0          0          0          0         68   _sputc.o
       228          4        148          0          0         96   bigflt0.o
      1936        128          0          0          0        672   btod.o
        18          0          0          0          0         80   exit.o
         6          0          0          0          0        152   heapauxi.o
         0          0          0          0          0          0   indicate_semi.o
        44         10         28          0          0         76   lc_numeric_c.o
         2          0          0          0          0          0   libinit.o
        18          0          0          0          0          0   libinit2.o
         2          0          0          0          0          0   libshutdown.o
         2          0          0          0          0          0   libshutdown2.o
         8          4          0          0         96         68   libspace.o
       138          0          0          0          0         80   lludiv10.o
        40          6          0          0          0         84   noretval__2sprintf.o
         8          4          0          0          0         68   rt_locale_intlibspace.o
        78          0          0          0          0         80   rt_memclr_w.o
         2          0          0          0          0          0   rtexit.o
        10          0          0          0          0          0   rtexit2.o
       128          0          0          0          0         68   strcmpv7m.o
        62          0          0          0          0         76   strlen.o
        12          4          0          0          0         68   sys_exit.o
        74          0          0          0          0         80   sys_stackheap_outer.o
         2          0          0          0          0         68   use_no_semi.o
        98          4          0          0          0         92   d2f.o
       688        140          0          0          0        208   ddiv.o
        46          0          0          0          0         68   dflt_clz.o
       156          4          0          0          0         92   dnaninf.o
        12          0          0          0          0         68   dretinf.o
        86          4          0          0          0         84   f2d.o
       450          8          0          0          0        236   faddsub_clz.o
        24          0          0          0          0         68   fcmpi.o
       388         76          0          0          0         96   fdiv.o
        54          4          0          0          0         84   ffix.o
        62          4          0          0          0         84   ffixu.o
        48          0          0          0          0         68   fflt_clz.o
       104          4          0          0          0         84   fleqf.o
       258          4          0          0          0         84   fmul.o
       140          4          0          0          0         84   fnaninf.o
        10          0          0          0          0         68   fretinf.o
        98          0          0          0          0         68   frleqf.o
         4          0          0          0          0         68   printf1.o
         0          0          0          0          0          0   usenofp.o
        40          0          0          0          0         68   fpclassify.o

    ----------------------------------------------------------------------
      7272        446        176          0         96       4276   Library Totals
        22          0          0          0          0          0   (incl. Padding)

    ----------------------------------------------------------------------

      Code (inc. data)   RO Data    RW Data    ZI Data      Debug   Library Name

      4484        190        176          0         96       2504   c_w.l
      2726        256          0          0          0       1704   fz_ws.l
        40          0          0          0          0         68   m_ws.l

    ----------------------------------------------------------------------
      7272        446        176          0         96       4276   Library Totals

    ----------------------------------------------------------------------

==============================================================================


      Code (inc. data)   RO Data    RW Data    ZI Data      Debug   

     24230       1402        566         48       2296     638317   Grand Totals
     24230       1402        566         48       2296     638317   ELF Image Totals
     24230       1402        566         48          0          0   ROM Totals

==============================================================================

    Total RO  Size (Code + RO Data)                24796 (  24.21kB)
    Total RW  Size (RW Data + ZI Data)              2344 (   2.29kB)
    Total ROM Size (Code + RO Data + RW Data)      24844 (  24.26kB)

==============================================================================

