Performing C SOURCE FILE Test CMAKE_HAVE_LIBC_PTHREAD failed with the following output:
Change Dir: /home/albus/2025-Engineering-Innovation-Competition/Vision_System/build/CMakeFiles/CMakeTmp

Run Build Command(s):/usr/bin/make cmTC_c80dc/fast && /usr/bin/make -f CMakeFiles/cmTC_c80dc.dir/build.make CMakeFiles/cmTC_c80dc.dir/build
make[1]: 进入目录“/home/albus/2025-Engineering-Innovation-Competition/Vision_System/build/CMakeFiles/CMakeTmp”
Building C object CMakeFiles/cmTC_c80dc.dir/src.c.o
/usr/bin/cc   -DCMAKE_HAVE_LIBC_PTHREAD   -o CMakeFiles/cmTC_c80dc.dir/src.c.o   -c /home/albus/2025-Engineering-Innovation-Competition/Vision_System/build/CMakeFiles/CMakeTmp/src.c
Linking C executable cmTC_c80dc
/usr/bin/cmake -E cmake_link_script CMakeFiles/cmTC_c80dc.dir/link.txt --verbose=1
/usr/bin/cc  -DCMAKE_HAVE_LIBC_PTHREAD    CMakeFiles/cmTC_c80dc.dir/src.c.o  -o cmTC_c80dc 
/usr/bin/ld: CMakeFiles/cmTC_c80dc.dir/src.c.o: in function `main':
src.c:(.text+0x46): undefined reference to `pthread_create'
/usr/bin/ld: src.c:(.text+0x52): undefined reference to `pthread_detach'
/usr/bin/ld: src.c:(.text+0x63): undefined reference to `pthread_join'
collect2: error: ld returned 1 exit status
make[1]: *** [CMakeFiles/cmTC_c80dc.dir/build.make:87：cmTC_c80dc] 错误 1
make[1]: 离开目录“/home/albus/2025-Engineering-Innovation-Competition/Vision_System/build/CMakeFiles/CMakeTmp”
make: *** [Makefile:121：cmTC_c80dc/fast] 错误 2


Source file was:
#include <pthread.h>

void* test_func(void* data)
{
  return data;
}

int main(void)
{
  pthread_t thread;
  pthread_create(&thread, NULL, test_func, NULL);
  pthread_detach(thread);
  pthread_join(thread, NULL);
  pthread_atfork(NULL, NULL, NULL);
  pthread_exit(NULL);

  return 0;
}

Determining if the function pthread_create exists in the pthreads failed with the following output:
Change Dir: /home/albus/2025-Engineering-Innovation-Competition/Vision_System/build/CMakeFiles/CMakeTmp

Run Build Command(s):/usr/bin/make cmTC_71d6e/fast && /usr/bin/make -f CMakeFiles/cmTC_71d6e.dir/build.make CMakeFiles/cmTC_71d6e.dir/build
make[1]: 进入目录“/home/albus/2025-Engineering-Innovation-Competition/Vision_System/build/CMakeFiles/CMakeTmp”
Building C object CMakeFiles/cmTC_71d6e.dir/CheckFunctionExists.c.o
/usr/bin/cc   -DCHECK_FUNCTION_EXISTS=pthread_create   -o CMakeFiles/cmTC_71d6e.dir/CheckFunctionExists.c.o   -c /usr/share/cmake-3.16/Modules/CheckFunctionExists.c
Linking C executable cmTC_71d6e
/usr/bin/cmake -E cmake_link_script CMakeFiles/cmTC_71d6e.dir/link.txt --verbose=1
/usr/bin/cc  -DCHECK_FUNCTION_EXISTS=pthread_create    CMakeFiles/cmTC_71d6e.dir/CheckFunctionExists.c.o  -o cmTC_71d6e  -lpthreads 
/usr/bin/ld: 找不到 -lpthreads
collect2: error: ld returned 1 exit status
make[1]: *** [CMakeFiles/cmTC_71d6e.dir/build.make:87：cmTC_71d6e] 错误 1
make[1]: 离开目录“/home/albus/2025-Engineering-Innovation-Competition/Vision_System/build/CMakeFiles/CMakeTmp”
make: *** [Makefile:121：cmTC_71d6e/fast] 错误 2



